[   0.000000] [I] [GS] secure payload loading took 0ms
[   0.000000] [I] [GS] platform info binded: true
[   0.000000] [I] [GS] platform info: 060a06010000
[   0.821010] [I] [MAIN] 
welcome to lk/MP

[   0.821047] [I] [MAIN] boot args 0x1 0x0 0x0 0x0
trusty_dev_common.c: INFO selected trusty api version: 3 (requested 3)
[   0.822336] [I] [GS] WXN has been enabled.
[   0.822377] [I] [GS] acpm locks regulators
[   0.822441] [I] [GS] Soc Product ID: 0x09875
[   0.822482] [I] [GS] Soc rev: A1
[   0.822513] [I] [GS] Soc ID: 0x100dcc75bf90
[   0.822549] [I] [GS] DVFS version: 2
[   0.822620] [I] [PMIC] S2MPG_M CHIPID read: 0x10
[   0.822689] [I] [PMIC] S2MPG_S CHIPID read: 0x10
[   0.822763] [I] [PMIC] S2MPG_M PWRONSRC read: 0x20
[   0.822830] [I] [PMIC] S2MPG_M OFFSRC1 read: 0x10
[   0.822899] [I] [PMIC] S2MPG_M OFFSRC2 read: 0x0
[   0.822973] [I] [PMIC] S2MPG_M RTC_WTSR read: 0x7e
[   0.823015] [I] [PMIC] S2MPG_M INT1: 0x0
[   0.823050] [I] [PMIC] S2MPG_M INT2: 0x0
[   0.823080] [I] [PMIC] S2MPG_M INT3: 0x0
[   0.823115] [I] [PMIC] S2MPG_M INT4: 0x0
[   0.823146] [I] [PMIC] S2MPG_M INT5: 0x0
[   0.823213] [I] [PMIC] S2MPG_S OFFSRC1 read: 0x11
[   0.823256] [I] [PMIC] S2MPG_S INT1: 0x83
[   0.823288] [I] [PMIC] S2MPG_S INT2: 0x80
[   0.823319] [I] [PMIC] S2MPG_S INT3: 0x0
[   0.823351] [I] [PMIC] S2MPG_S INT4: 0x0
[   0.823382] [I] [PMIC] S2MPG_S INT5: 0x0
APC Bootmetrics:
  BL1: MT:1 / DT:ENTRY / 96400 us
  BL1: MT:2 / DT:LOAD  / 7328 us
  BL1: MT:F / DT:EXIT  / 147712 us
  PBL: MT:1 / DT:ENTRY / 147848 us
  PBL: MT:2 / DT:LOAD  / 19672 us
  PBL: MT:F / DT:EXIT  / 212960 us
  BL2: MT:1 / DT:ENTRY / 214528 us
  BL2: MT:2 / DT:LOAD  / 160 us
  BL2: MT:3 / DT:LOAD  / 152 us
  BL2: MT:4 / DT:CHECK / 342432 us
  BL2: MT:5 / DT:CHECK / 2096 us
  BL2: MT:6 / DT:LOAD  / 64496 us
  BL2: MT:7 / DT:CHECK / 159776 us
  BL2: MT:8 / DT:CHECK / 159912 us
  BL2: MT:9 / DT:LOAD  / 44424 us
  BL2: MT:A / DT:LOAD  / 31320 us
  BL2: MT:B / DT:LOAD  / 320928 us
  BL2: MT:C / DT:LOAD  / 8 us
  BL2: MT:F / DT:EXIT  / 605928 us
  PBL: MT:3 / DT:LOAD  / 86272 us
  PBL: MT:4 / DT:LOAD  / 28152 us
  PBL: MT:5 / DT:LOAD  / 6096 us
  PBL: MT:6 / DT:CHECK / 726624 us
  PBL: MT:7 / DT:CHECK / 726760 us
  EL3: MT:1 / DT:ENTRY / 729536 us
  EL3: MT:D / DT:CHECK / 745080 us
  EL3: MT:E / DT:CHECK / 793120 us
  EL3: MT:F / DT:EXIT  / 793160 us
APC Breadcrumbs(v2.4):
 stages(S): 00000000 / 0000404F
  flags(S): 00000000 / 000022C0
stages(NS): 00000000 / 00005004
 flags(NS): 00000000 / 0000D400
    status: 00000000 / 00000000
    device: 00000000 / 00000001
   tmutrip: 00000000 / 00000000
     reset: 00000000 / 00180000
[   0.824373] [E] [DBGC] GSA Breadcrumb:
00000000 0000000d 00000000 00000000  |................|
00000000 00000000 00000001           |............    |
[   0.824514] [I] [DPM] SBDP initialized: chipid allowed=0, dpm_state=0x0000
[   0.824572] [E] [DPM] check header failed
[   0.824707] [I] [dev] initializing device i2c:usi00
[   0.824754] [I] [I2C] usi00: version 2.2
[   0.824808] [I] [dev] initializing device i2c:usi04
[   0.824853] [I] [I2C] usi04: version 2.2
[   0.824901] [I] [dev] initializing device i2c:usi06
[   0.824946] [I] [I2C] usi06: version 2.2
[   0.824994] [I] [dev] initializing device i2c:usi09
[   0.825035] [I] [I2C] usi09: version 2.2
[   0.825087] [I] [dev] initializing device i2cm:i2cm0
[   0.825134] [I] DVFS init
[   0.827408] [I] DVFS init done
[   0.827444] [I] [UFS] UFS EVT version 0
[   0.827492] [I] [UFS] controller version 3.0 found
[   0.827534] [I] [UFS] capabilities 0x1383ff1f
[   0.827920] [I] [UFS] UFS device found
zuma_ufs_device_init_done
[   0.827970] [E] [UFS] ufshc_notify done
[   0.828053] [I] [UFS] ufshc_power_mode_change HS gear 4
[   0.838244] [I] [UFS] ufshc: bBootLunEn 0x1
[   0.838426] [I] [UFS] UFS device SAMSUNG KLUDG4UHGC-B0E1 version 3.1
[   0.838474] [I] [UFS] Enabled LUNs found 4
[   0.838544] [I] [UFS] UFS device total size 127984992256
[   0.838585] [I] [UFS] Temp too high is not supported
[   0.838629] [I] [UFS] Temp too low is not supported
[   0.839396] [I] [UFS] Write Booster: available buffer=0x0 lifetime=0x1 current buffer=0x58b
[   0.839496] [I] [RIPCURRENTPRO] boot slot: a
[   0.841800] [I] [A/B] slot data a: 0x00001602
[   0.841837] [I] [A/B] slot data b: 0x00001b03
[   0.843103] [I] [RIPCURRENTPRO] platform info: 060a06010000
[   0.843357] [I] [dev] initializing device cs40l2x:cs40l26
[   0.853849] [I] [CS40L2x] CS40L26 found
[   0.855517] [I] [dev] initializing device nfc:st21nfc
[   0.857385] [I] [MAX77759] tcpc vendor id 56
[   0.858137] [BMS] found 77779 on usi6
[   0.858171] [BMS] bms_init init usi10 as sec_i2c
[   0.858206] [I] [dev] initializing device i2c:usi10
[   0.858246] [I] [I2C] usi10: version 2.2
[   0.858442] [I] [MAX77779fg] FG device name 0x5100
[   0.858961] [I] [BMS] [max77779fg] SOC(39), VCELL(3805), INOW(-443), IAVG(-337)
[   0.859590] [I] [BMS] fship 0x0
[   0.859716] [I] [BMS] master disconnect reason 0x0
trusty_dev_common.c: INFO selected trusty api version: 3 (requested 3)
[   0.862638] [I] [FUSE] LCS state:PRODUCTION
[   0.862791] [I] [FFU] no valid file
[TMU:0] 36
[TMU:1] 34
[   0.905932] [I] [DSIM] dsim_probe dsim0+
[   0.905976] [I] [DSIM] using data lane count(4)
[   0.915013] [E] [RIPCURRENTPRO] 
Reboot Info:
  RST_STAT: 0x180000 - PIN_RESET | PO_RESET
  GSA_RESET_STATUS: 0x1 - GSA_PINRESET
  Reboot reason: 0xcafe - User Reboot(S/W Reboot)
  Reboot mode: 0x0 - Normal Boot
[   0.934538] [E] [EUSB] failed to get eUSB revision -62
[   0.934587] [I] [FB] Set EUSB Ref clock auto
[   0.934674] [E] [DSIM] dsim0 wait phy pll stable
[   0.951798] [I] [DPU] Succeeded to read panel product id : 0x248da00a
[   0.951847] [E] [DPU] is_compatible is not defined!
[   0.951888] [I] [DPU] panel_rev: 0x1000
[   0.962026] [I] [DSIM] use panel google-tk4c for dsim0
[   0.962066] [I] [DSIM] dsim_probe -: dsim0 driver(cmd mode) has been probed.
[   0.962117] [I] [DSIM] dsim_probe dsim1+
[   0.962154] [I] [DSIM] using data lane count(4)
[   0.962224] [E] [DSIM] dsim1 wait phy pll stable
[   1.012044] [I] LK build date: Sep 13 2025, time: 00:10:32
[   1.012088] [I] BL version: ripcurrentpro-16.4-14097580
[   1.012131] [I] BL type: official build
[   1.013330] [E] [DSIM] timeout!! wait for DSIM interrupt (0x300004)
[   1.013377] [E] [DSIM] MIPI DSIM (id=6) read Timeout! 0x4
[   1.013416] [E] [DSIM] dsim fail to get panel operation
[   1.013492] [E] [DSIM] dsim has error.
[   1.013523] [E] [DSIM] dsim_probe -: dsim1 probe failed.
[   1.013562] [I] [DSIM] dsim1 probe was failed
[   1.013595] [I] [DSIM] dsim_init -: set dsim0 driver as primary.
starting app pixel_loader
[   1.024801] [E] [DSIM] dsim0 wait phy pll stable
[   1.039886] [I] [DPP] dpp_probe +
[   1.040075] [I] [DPP] dpp-0's attr is (0x004d0047)
[   1.040114] [I] [DPP] dpp(0) init resources.
[   1.040173] [I] [DPP] dpp_probe -: dpp0 is probed successfully
[   1.040220] [I] [DECON] decon-int: max win6, command mode, hw trigger
[   1.040270] [I] [DECON] single dsi mode
[   1.040306] [I] [decon0] d_path(0xB1) DSCC DSC_ENC1 DSC_ENC0 OFIFO.0
[   1.040414] [I] [decon0] sel(0x0) OFIFO.0 - dsim0 - google-tk4c
[   1.040460] [I] [DECON] Display 1st window(5) xres(1080) yres(2424) win_start_pos(0) win_end_pos(9770437)
[   1.046116] [I] [PXL] sota: empty signature.
[   1.046153] [I] [PXL] AB Decision: active slot boot ok
[   1.046193] [I] [PXL] AB Decisions: 00001000
[   1.046478] [I] [PXL] boot voltage threshold=3400mV
[   1.046672] [I] [PXL] bootloader message:
[   1.047044] [I] [PXL] boot voltage threshold=3400mV
[   1.174007] [I] [DECON] decon0 registered successfully
[   1.190474] [I] [AVB] boot_state: 160000:20251005:20251005
trusty_dev_common.c: INFO selected trusty api version: 3 (requested 3)
[   1.199119] [I] [AND] using init_boot ramdisk
[   1.199159] [I] [AND] using vendor_kernel_boot ramdisk
[   1.199460] [I] [AND] kernel: addr:0xffff0000a0011000, size:fcc6a1
[   1.239247] [I] [AND] kernel: total_time:39
[   1.239312] [I] [AND] vendor kernel ramdisk copy
[   1.239352] [I] [AND] ramdisk dst addr: 0xf0ff000086000000 src addr: 0xffff0000a9931000 size: 0x631ebc(6495932)
[   1.239432] [I] [AND] padding prepended: 0
[   1.240823] [I] [AND] vendor ramdisk copy
[   1.240855] [I] [AND] ramdisk dst addr: 0xf0ff000086631ebc src addr: 0xffff0000a5931000 size: 0x262c862(40028258)
[   1.240931] [I] [AND] padding prepended: 4
[   1.249145] [I] [AND] ramdisk copy
[   1.249172] [I] [AND] ramdisk dst addr: 0xf0ff000088c5e722 src addr: 0xffff0000a4011000 size: 0x2824f8(2630904)
[   1.249246] [I] [AND] padding prepended: 14
[   1.249817] [I] [AND] Ramdisk load size with padding: 49155112
[   1.249882] [I] [DTBO] rev: 09865.00.00
[   1.249923] [I] [DTBO] rev: 09865.00.00
[   1.249964] [I] [DTBO] rev: 09865.01.00
[   1.249997] [I] [DTBO] rev: 09865.01.01
[   1.250037] [I] [DTBO] rev: 09865.01.00
[   1.250070] [I] [DTBO] rev: 09865.01.01
[   1.250107] [I] [DTBO] rev: 09875.00.00
[   1.250145] [I] [DTBO] rev: 09875.00.00
[   1.250185] [I] [DTBO] rev: 09875.00.00
[   1.250218] [I] [DTBO] rev: 09875.00.01
[   1.250258] [I] [DTBO] rev: 09875.00.00
[   1.250291] [I] [DTBO] rev: 09875.00.01
[   1.250322] [I] [DTBO] SOC DTB: index:7
[   1.250362] [I] [DTBO] DTBO match: id 0x60a06, rev 0x10000
[   1.267694] [I] [AND] dpm not merged
[   1.269442] [I] [AND] MTE S: 1, NS: 1, tag base: 0xae8ba2000
[   1.287333] [W] [PWR] power on source: 20
[   1.287369] [I] [AND] bootmode:
[   1.287417] [I] [AND] DDR size: 12GiB
[   1.287445] [I] [AND] DDR Manufacturer: Samsung
trusty_dev_common.c: INFO selected trusty api version: 3 (requested 3)
[   1.297897] [I] [AND] ro.misctrl.16kb_before=0
[   1.297945] [I] [AND] console is disabled
[   1.298122] [I] [BOOT] secure dram base 0xb6200000, size 0x9e00000
[   1.298188] [I] [BOOT] secure PGTBL base 0xe0000000, size 58720256
[   1.301577] [I] [BOOT] MTE S: 1, NS: 1, tag base: 0xae8ba2000
[   1.304165] [I] [FDT] device: /reserved-memory/debug_snapshot/log_s2d path not found (-1)
[   1.304309] [I] [FDT] device: /reserved-memory/debug_snapshot/log_array_reset path not found (-1)
[   1.304460] [I] [FDT] device: /reserved-memory/debug_snapshot/log_kevents path not found (-1)
[   1.304651] [I] [FDT] device: /reserved-memory/debug_snapshot/log_itmon path not found (-1)
[   1.304812] [I] [FDT] device: /reserved-memory/debug_snapshot/log_s2d_extract path not found (-1)
[   1.305931] [I] [FDT] device: /google,mitigation enabled ret=0
[   1.321471] [I] [AND] ro.boot.hardware.cpu.pagesize=4096
trusty_dev_common.c: INFO selected trusty api version: 3 (requested 3)
trusty_dev_common.c: INFO selected trusty api version: 3 (requested 3)
[   1.342810] [I] [DPU] panel settings after overriding: google-tk4c.248da00a@dsim0 null@dsim1
[   1.365624] [I] [AND] linux,initrd-start: 0x86000000, linux,initrd-end: 0x88ee1bc9
[   1.424024] [E] [AVB] avb_property(com.android.build.microdroid-vendor.root_digest): not found
[   1.424092] [W] [PKVM_PVMFW] failed to get microdroid vendor hashtree digest from avb property, skip appending value
trusty_dev_common.c: INFO selected trusty api version: 3 (requested 3)
[   1.425428] [W] [PKVM_PVMFW] no avf debug policy, because dpm is NULL
[   1.431682] [W] [PWR] power on source: 20
[   1.457784] [I] [A/B] slot data a: 0x00001602
[   1.457819] [I] [A/B] slot data b: 0x00001b03
[   1.468055] [I] [UFS] shutdown complete
[   1.468281] [I] [AND] ABL start time: 793ms
[   1.468314] [I] [AND] thread stats (cpu 0): total idle time: 264392, total busy time: 1203922
Heap dump (using miniheap):
	base 0xffff0000f8b8b000, len 0x4ed000
	free list:
		base 0xffff0000f8b8c030, end 0xffff0000f8b8c080, len 0x50
		base 0xffff0000f8b9c260, end 0xffff0000f8b9c320, len 0xc0
		base 0xffff0000f8b9c3e0, end 0xffff0000f8b9c4d0, len 0xf0
		base 0xffff0000f8b9c530, end 0xffff0000f8b9c5f0, len 0xc0
		base 0xffff0000f8b9cfb0, end 0xffff0000f8b9cfd0, len 0x20
		base 0xffff0000f8b9d9d0, end 0xffff0000f8b9d9f0, len 0x20
		base 0xffff0000f8bbdb60, end 0xffff0000f8bbdd50, len 0x1f0
		base 0xffff0000f8bce7b0, end 0xffff0000f8bcebe0, len 0x430
		base 0xffff0000f8beff20, end 0xffff0000f8bf0300, len 0x3e0
		base 0xffff0000f8bf0500, end 0xffff0000f8c0b4a0, len 0x1afa0
		base 0xffff0000f8d13220, end 0xffff0000f8d23440, len 0x10220
		base 0xffff0000f8d234d0, end 0xffff0000f8d234f0, len 0x20
		base 0xffff0000f8dde0d0, end 0xffff0000f8dde100, len 0x30
		base 0xffff0000f8dee260, end 0xffff0000f8dee290, len 0x30
		base 0xffff0000f8e2e690, end 0xffff0000f8e3e8e0, len 0x10250
		base 0xffff0000f8e3ea20, end 0xffff0000f8e3ea40, len 0x20
		base 0xffff0000f8e40820, end 0xffff0000f8e40840, len 0x20
		base 0xffff0000f8e40b00, end 0xffff0000f8e40c60, len 0x160
		base 0xffff0000f8ec0e80, end 0xffff0000f9078000, len 0x1b7180
[   1.469183] [I] [AND] WXN has been disabled.
[   1.469219] [I] [AND] Starting Linux kernel ...
[    0.000000][    T0] Booting Linux on physical CPU 0x0000000000 [0x410fd801]
[    0.000000][    T0] Linux version 6.1.145-android14-11-gc1de4747ac59-ab14219743 (build-user@build-host) (Android (10087095, +pgo, +bolt, +lto, -mlgo, based on r487747c) clang version 17.0.2 (https://android.googlesource.com/toolchain/llvm-project d9f89f4d16663d5012e5c09495f3b30ece3d2362), LLD 17.0.2) #1 SMP PREEMPT Mon Oct  6 16:50:48 UTC 2025
[    0.000000][    T0] Machine model: ZUMA PRO TOKAY MP board based on ZUMA PRO
[    0.000000][    T0] Stack Depot is disabled
[    0.000000][    T0] efi: UEFI not found.
[    0.000000][    T0] Reserved memory: created CMA memory pool at 0x00000009fb800000, size 72 MiB
[    0.000000][    T0] OF: reserved mem: initialized node vstream, compatible id shared-dma-pool
[    0.000000][    T0] OF: reserved mem: 0x00000009fb800000..0x00000009ffffffff (73728 KiB) map reusable vstream
[    0.000000][    T0] OF: reserved mem: 0x00000000ffe00000..0x00000000ffffffff (2048 KiB) map non-reusable dpado-rmem
[    0.000000][    T0] OF: reserved mem: 0x00000009f9800000..0x00000009fb7fffff (32768 KiB) map non-reusable faceauth_dsp
[    0.000000][    T0] OF: reserved mem: 0x00000009f4d00000..0x00000009f97fffff (76800 KiB) map non-reusable famodel
[    0.000000][    T0] OF: reserved mem: 0x00000000ffbf0000..0x00000000ffdfffff (2112 KiB) map non-reusable mfc_fw
[    0.000000][    T0] Reserved memory: created CMA memory pool at 0x00000009d4c00000, size 512 MiB
[    0.000000][    T0] OF: reserved mem: initialized node vframe, compatible id shared-dma-pool
[    0.000000][    T0] OF: reserved mem: 0x00000009d4c00000..0x00000009f4bfffff (524288 KiB) map reusable vframe
[    0.000000][    T0] OF: reserved mem: 0x00000009cfc00000..0x00000009d4bfffff (81920 KiB) map non-reusable farawimg
[    0.000000][    T0] OF: reserved mem: 0x00000000fe3f0000..0x00000000ffbeffff (24576 KiB) map non-reusable tui
[    0.000000][    T0] OF: reserved mem: 0x00000009cec00000..0x00000009cfbfffff (16384 KiB) map non-reusable faceauth_tpu
[    0.000000][    T0] Reserved memory: created CMA memory pool at 0x00000009cb800000, size 52 MiB
[    0.000000][    T0] OF: reserved mem: initialized node vscaler, compatible id shared-dma-pool
[    0.000000][    T0] OF: reserved mem: 0x00000009cb800000..0x00000009cebfffff (53248 KiB) map reusable vscaler
[    0.000000][    T0] Reserved memory: created CMA memory pool at 0x00000009cac00000, size 12 MiB
[    0.000000][    T0] OF: reserved mem: initialized node faprev, compatible id shared-dma-pool
[    0.000000][    T0] OF: reserved mem: 0x00000009cac00000..0x00000009cb7fffff (12288 KiB) map reusable faprev
[    0.000000][    T0] OF: reserved mem: 0x0000000017bb5000..0x0000000017bbffff (44 KiB) nomap non-reusable xhci_dma_buffer@17BB5000
[    0.000000][    T0] OF: reserved mem: 0x0000000017bc0000..0x0000000017bfffff (256 KiB) nomap non-reusable xhci_dma@17BC0000
[    0.000000][    T0] OF: reserved mem: 0x00000000197fd000..0x00000000197fffff (12 KiB) map non-reusable cp_aoc_rmem
[    0.000000][    T0] OF: reserved mem: initialized node pkvm_guest_firmware, compatible id linux,pkvm-guest-firmware-memory
[    0.000000][    T0] OF: reserved mem: 0x000000008b000000..0x000000008b0bffff (768 KiB) nomap non-reusable pkvm_guest_firmware
[    0.000000][    T0] OF: reserved mem: 0x0000000090000000..0x000000009005ffff (384 KiB) map non-reusable ect_binary
[    0.000000][    T0] OF: reserved mem: 0x0000000090200000..0x00000000905fefff (4092 KiB) nomap non-reusable gsa@90200000
[    0.000000][    T0] OF: reserved mem: 0x00000000905ff000..0x00000000905fffff (4 KiB) nomap non-reusable gsa@905FF000
[    0.000000][    T0] OF: reserved mem: 0x0000000091300000..0x000000009135ffff (384 KiB) nomap non-reusable gxp_scratchpad@91300000
[    0.000000][    T0] OF: reserved mem: 0x0000000091360000..0x000000009137ffff (128 KiB) nomap non-reusable iif_wait_table@91360000
[    0.000000][    T0] OF: reserved mem: 0x0000000091380000..0x000000009139ffff (128 KiB) nomap non-reusable iif_signal_table@91380000
[    0.000000][    T0] OF: reserved mem: 0x0000000091400000..0x0000000091cfffff (9216 KiB) nomap non-reusable gxp_secure_data@91400000
[    0.000000][    T0] OF: reserved mem: 0x0000000091d00000..0x0000000091ffffff (3072 KiB) nomap non-reusable gxp_fw@91D00000
[    0.000000][    T0] OF: reserved mem: 0x0000000092000000..0x00000000923fffff (4096 KiB) nomap non-reusable gxp_mcu_fw@92000000
[    0.000000][    T0] OF: reserved mem: 0x0000000092e00000..0x0000000093ffffff (18432 KiB) nomap non-reusable tpu_fw@92e00000
[    0.000000][    T0] OF: reserved mem: 0x0000000094000000..0x0000000096ffffff (49152 KiB) nomap non-reusable aoc@94000000
[    0.000000][    T0] OF: reserved mem: 0x0000000097000000..0x00000000973fffff (4096 KiB) nomap non-reusable xhci_dma_dram@97000000
[    0.000000][    T0] OF: reserved mem: 0x00000000b6200000..0x00000000bfffffff (161792 KiB) nomap non-reusable sec_dram
[    0.000000][    T0] OF: reserved mem: 0x00000000c3000000..0x00000000c307ffff (512 KiB) map non-reusable seclog_mem
[    0.000000][    T0] OF: reserved mem: 0x00000000d8100000..0x00000000d810ffff (64 KiB) nomap non-reusable header
[    0.000000][    T0] OF: reserved mem: 0x00000000d8110000..0x00000000d880ffff (7168 KiB) nomap non-reusable log_kevents
[    0.000000][    T0] OF: reserved mem: 0x00000000d8810000..0x00000000da00ffff (24576 KiB) nomap non-reusable log_s2d
[    0.000000][    T0] OF: reserved mem: 0x00000000da010000..0x00000000daa0ffff (10240 KiB) nomap non-reusable log_array_reset
[    0.000000][    T0] OF: reserved mem: 0x00000000dda10000..0x00000000dda1ffff (64 KiB) nomap non-reusable log_itmon
[    0.000000][    T0] OF: reserved mem: 0x00000000dda20000..0x00000000de01ffff (6144 KiB) nomap non-reusable log_s2d_extract
[    0.000000][    T0] OF: reserved mem: 0x00000000e0000000..0x00000000e37fffff (57344 KiB) nomap non-reusable sec_pt
[    0.000000][    T0] OF: reserved mem: 0x00000000e8000000..0x00000000e9ffffff (32768 KiB) map non-reusable cp_rmem_1
[    0.000000][    T0] OF: reserved mem: 0x00000000ea400000..0x00000000eaffffff (12288 KiB) map non-reusable cp_rmem
[    0.000000][    T0] OF: reserved mem: 0x00000000f6200000..0x00000000f6200fff (4 KiB) map non-reusable cp_msi_rmem
[    0.000000][    T0] OF: reserved mem: 0x00000000f8800000..0x00000000f97fffff (16384 KiB) nomap non-reusable abl@f8800000
[    0.000000][    T0] OF: reserved mem: 0x00000000fd3f0000..0x00000000fd3fdfff (56 KiB) nomap non-reusable dss_log_reserved@fd3f0000
[    0.000000][    T0] OF: reserved mem: 0x00000000fd3fe000..0x00000000fd3fefff (4 KiB) nomap non-reusable debug_kinfo_reserved@fd3fe000
[    0.000000][    T0] OF: reserved mem: 0x00000000fd3ff000..0x00000000fd7fefff (4096 KiB) map non-reusable ramoops_mem@fd3ff000
[    0.000000][    T0] OF: reserved mem: 0x00000000fd800000..0x00000000fd8fffff (1024 KiB) nomap non-reusable bldr_log_reserved@fd800000
[    0.000000][    T0] kvm [0]: Reserved 64 MiB at 0xae4800000
[    0.000000][    T0] Zone ranges:
[    0.000000][    T0]   DMA32    empty
[    0.000000][    T0]   Normal   [mem 0x0000000080000000-0x0000000ae8ba1fff]
[    0.000000][    T0]   Device   empty
[    0.000000][    T0] Movable zone start for each node
[    0.000000][    T0] Early memory node ranges
[    0.000000][    T0]   node   0: [mem 0x0000000080000000-0x000000008affffff]
[    0.000000][    T0]   node   0: [mem 0x000000008b000000-0x000000008b0bffff]
[    0.000000][    T0]   node   0: [mem 0x000000008b0c0000-0x00000000901fffff]
[    0.000000][    T0]   node   0: [mem 0x0000000090200000-0x00000000905fffff]
[    0.000000][    T0]   node   0: [mem 0x0000000090600000-0x00000000912fffff]
[    0.000000][    T0]   node   0: [mem 0x0000000091300000-0x000000009139ffff]
[    0.000000][    T0]   node   0: [mem 0x00000000913a0000-0x00000000913fffff]
[    0.000000][    T0]   node   0: [mem 0x0000000091400000-0x00000000923fffff]
[    0.000000][    T0]   node   0: [mem 0x0000000092400000-0x0000000092dfffff]
[    0.000000][    T0]   node   0: [mem 0x0000000092e00000-0x00000000973fffff]
[    0.000000][    T0]   node   0: [mem 0x0000000097400000-0x00000000b61fffff]
[    0.000000][    T0]   node   0: [mem 0x00000000b6200000-0x00000000bfffffff]
[    0.000000][    T0]   node   0: [mem 0x00000000c0000000-0x00000000d80fffff]
[    0.000000][    T0]   node   0: [mem 0x00000000d8100000-0x00000000daa0ffff]
[    0.000000][    T0]   node   0: [mem 0x00000000daa10000-0x00000000dda0ffff]
[    0.000000][    T0]   node   0: [mem 0x00000000dda10000-0x00000000de01ffff]
[    0.000000][    T0]   node   0: [mem 0x00000000de020000-0x00000000dfffffff]
[    0.000000][    T0]   node   0: [mem 0x00000000e0000000-0x00000000e37fffff]
[    0.000000][    T0]   node   0: [mem 0x00000000e3800000-0x00000000f87fffff]
[    0.000000][    T0]   node   0: [mem 0x00000000f8800000-0x00000000f97fffff]
[    0.000000][    T0]   node   0: [mem 0x00000000f9800000-0x00000000fd3effff]
[    0.000000][    T0]   node   0: [mem 0x00000000fd3f0000-0x00000000fd3fefff]
[    0.000000][    T0]   node   0: [mem 0x00000000fd3ff000-0x00000000fd7fffff]
[    0.000000][    T0]   node   0: [mem 0x00000000fd800000-0x00000000fd8fffff]
[    0.000000][    T0]   node   0: [mem 0x00000000fd900000-0x00000000ffffffff]
[    0.000000][    T0]   node   0: [mem 0x0000000880000000-0x0000000ae8ba1fff]
[    0.000000][    T0] Initmem setup node 0 [mem 0x0000000080000000-0x0000000ae8ba1fff]
[    0.000000][    T0] On node 0, zone Normal: 29790 pages in unavailable ranges
[    0.000000][    T0] cma: Reserved 16 MiB at 0x00000000fc000000
[    0.000000][    T0] psci: probing for conduit method from DT.
[    0.000000][    T0] psci: PSCIv1.1 detected in firmware.
[    0.000000][    T0] psci: Using standard PSCI v0.2 function IDs
[    0.000000][    T0] psci: MIGRATE_INFO_TYPE not supported.
[    0.000000][    T0] psci: SMC Calling Convention v1.2
[    0.000000][    T0] Load bootconfig: 3981 bytes 155 nodes
[    0.000000][    T0] percpu: Embedded 30 pages/cpu s85288 r8192 d29400 u122880
[    0.000000][    T0] Detected PIPT I-cache on CPU0
[    0.000000][    T0] CPU features: SYS_ID_AA64MMFR1_EL1[11:8]: forced to 0
[    0.000000][    T0] CPU features: detected: Address authentication (architected QARMA3 algorithm)
[    0.000000][    T0] CPU features: detected: GIC system register CPU interface
[    0.000000][    T0] CPU features: detected: Hardware dirty bit management
[    0.000000][    T0] CPU features: detected: Memory Tagging Extension
[    0.000000][    T0] CPU features: detected: Asymmetric MTE Tag Check Fault
[    0.000000][    T0] CPU features: detected: Spectre-v4
[    0.000000][    T0] CPU features: detected: ARM erratum 2966298
[    0.000000][    T0] alternatives: applying boot alternatives
[    0.000000][    T0] Built 1 zonelists, mobility grouping on.  Total pages: 3002739
[    0.000000][    T0] Kernel command line: console=ttynull stack_depot_disable=on cgroup_disable=pressure kasan.page_alloc.sample=10 kasan.stacktrace=off kvm-arm.mode=protected bootconfig ioremap_guard root=/dev/ram0 rw clocksource=arch_sys_counter clk_ignore_unused loop.max_part=7 loop.hw_queue_depth=31 coherent_pool=4M firmware_class.path=/vendor/firmware irqaffinity=0 sysrq_always_enabled no_console_suspend softlockup_panic=1 kasan_multi_shot kvm-arm.protected_modules=exynos-pd,pkvm_s2mpu-v9 dyndbg="func alloc_contig_dump_pages +p" printk.devkmsg=on cma_sysfs.experimental=Y cgroup_disable=memory cgroup.memory=nokmem rcupdate.rcu_expedited=1 rcu_nocbs=all rcutree.enable_rcu_lazy swiotlb=noforce disable_dma32=on sysctl.kernel.sched_pelt_multiplier=4 rodata=on kasan=off at24.write_timeout=100 log_buf_len=1024K android_arch_task_struct_size=512 bootconfig console=null exynos_drm.panel_name=google-tk4c.248da00a tcpci_max77759.conf_sbu=0 ufs_pixel_fips140.fips_first_lba=151942 ufs_pi
[    0.000000][    T0] cgroup: Disabling pressure control group feature
[    0.000000][    T0] sysrq: sysrq always enabled.
[    0.000000][    T0] cgroup: Disabling memory control group subsystem
[    0.000000][    T0] Unknown kernel command line parameters "android_arch_task_struct_size=512", will be passed to user space.
[    0.000000][    T0] random: crng init done
[    0.000000][    T0] printk: log_buf_len: 1048576 bytes
[    0.000000][    T0] printk: early log buf free: 120280(91%)
[    0.000000][    T0] Dentry cache hash table entries: 2097152 (order: 12, 16777216 bytes, linear)
[    0.000000][    T0] Inode-cache hash table entries: 1048576 (order: 11, 8388608 bytes, linear)
[    0.000000][    T0] mem auto-init: stack:all(zero), heap alloc:on, heap free:off
[    0.000000][    T0] Memory: 10481552K/12201608K available (16512K kernel code, 2026K rwdata, 11764K rodata, 4224K init, 634K bss, 1040120K reserved, 679936K cma-reserved)
[    0.000000][    T0] SLUB: HWalign=64, Order=0-3, MinObjects=0, CPUs=8, Nodes=1
[    0.000000][    T0] trace event string verifier disabled
[    0.000000][    T0] rcu: Preemptible hierarchical RCU implementation.
[    0.000000][    T0] rcu: 	RCU event tracing is enabled.
[    0.000000][    T0] rcu: 	RCU restricting CPUs from NR_CPUS=32 to nr_cpu_ids=8.
[    0.000000][    T0] rcu: 	RCU priority boosting: priority 1 delay 500 ms.
[    0.000000][    T0] 	All grace periods are expedited (rcu_expedited).
[    0.000000][    T0] 	Trampoline variant of Tasks RCU enabled.
[    0.000000][    T0] 	Tracing variant of Tasks RCU enabled.
[    0.000000][    T0] rcu: RCU calculated value of scheduler-enlistment delay is 25 jiffies.
[    0.000000][    T0] rcu: Adjusting geometry for rcu_fanout_leaf=16, nr_cpu_ids=8
[    0.000000][    T0] NR_IRQS: 64, nr_irqs: 64, preallocated irqs: 0
[    0.000000][    T0] GICv3: GIC: Using split EOI/Deactivate mode
[    0.000000][    T0] GICv3: 960 SPIs implemented
[    0.000000][    T0] GICv3: 0 Extended SPIs implemented
[    0.000000][    T0] Root IRQ handler: gic_handle_irq
[    0.000000][    T0] GICv3: GICv3 features: 16 PPIs
[    0.000000][    T0] GICv3: CPU0: found redistributor 0 region 0:0x0000000010440000
[    0.000000][    T0] GICv3: GIC: PPI partition interrupt-partition-0[0] { /cpus/cpu@0[0] /cpus/cpu@100[1] /cpus/cpu@200[2] /cpus/cpu@300[3] /cpus/cpu@400[4] /cpus/cpu@500[5] /cpus/cpu@600[6] }
[    0.000000][    T0] GICv3: GIC: PPI partition interrupt-partition-1[1] { /cpus/cpu@700[7] }
[    0.000000][    T0] rcu: 	Offload RCU callbacks from CPUs: 0-7.
[    0.000000][    T0] rcu: srcu_init: Setting srcu_struct sizes based on contention.
[    0.000000][    T0] arch_timer: cp15 timer(s) running at 24.57MHz (phys).
[    0.000000][    T0] clocksource: arch_sys_counter: mask: 0xffffffffffffff max_cycles: 0x5ab00a189, max_idle_ns: 440795202599 ns
[    0.000000][    T0] sched_clock: 56 bits at 25MHz, resolution 40ns, wraps every 4398046511099ns
[    0.000676][    T0] kfence: initialized - using 524288 bytes for 63 objects at 0x(____ptrval____)-0x(____ptrval____)
[    0.000768][    T0] Calibrating delay loop (skipped), value calculated using timer frequency.. 49.15 BogoMIPS (lpj=98304)
[    0.000775][    T0] pid_max: default: 32768 minimum: 301
[    0.000842][    T0] LSM: Security Framework initializing
[    0.000871][    T0] SELinux:  Initializing.
[    0.000972][    T0] Mount-cache hash table entries: 32768 (order: 6, 262144 bytes, linear)
[    0.000988][    T0] Mountpoint-cache hash table entries: 32768 (order: 6, 262144 bytes, linear)
[    0.002038][    T1] cacheinfo: Unable to detect cache hierarchy for CPU 0
[    0.002378][    T1] cblist_init_generic: Setting adjustable number of callback queues.
[    0.002381][    T1] cblist_init_generic: Setting shift to 3 and lim to 1.
[    0.002429][    T1] cblist_init_generic: Setting adjustable number of callback queues.
[    0.002431][    T1] cblist_init_generic: Setting shift to 3 and lim to 1.
[    0.002510][    T1] rcu: Hierarchical SRCU implementation.
[    0.002512][    T1] rcu: 	Max phase no-delay instances is 1000.
[    0.003076][    T1] dyndbg: Ignore empty _ddebug table in a CONFIG_DYNAMIC_DEBUG_CORE build
[    0.009122][    T1] EFI services will not be available.
[    0.009400][    T1] smp: Bringing up secondary CPUs ...
[    0.010003][    T0] Detected PIPT I-cache on CPU1
[    0.010067][    T0] cacheinfo: Unable to detect cache hierarchy for CPU 1
[    0.010078][    T0] GICv3: CPU1: found redistributor 100 region 0:0x0000000010460000
[    0.010109][    T0] CPU1: Booted secondary processor 0x0000000100 [0x410fd801]
[    0.010707][    T0] Detected PIPT I-cache on CPU2
[    0.010780][    T0] cacheinfo: Unable to detect cache hierarchy for CPU 2
[    0.010791][    T0] GICv3: CPU2: found redistributor 200 region 0:0x0000000010480000
[    0.010817][    T0] CPU2: Booted secondary processor 0x0000000200 [0x410fd801]
[    0.011348][    T0] Detected PIPT I-cache on CPU3
[    0.011398][    T0] cacheinfo: Unable to detect cache hierarchy for CPU 3
[    0.011407][    T0] GICv3: CPU3: found redistributor 300 region 0:0x00000000104a0000
[    0.011428][    T0] CPU3: Booted secondary processor 0x0000000300 [0x410fd801]
[    0.011955][    T0] CPU features: detected: Spectre-BHB
[    0.011963][    T0] CPU features: detected: SSBS not fully self-synchronizing
[    0.011966][    T0] Detected PIPT I-cache on CPU4
[    0.011970][    T0] CPU features: SANITY CHECK: Unexpected variation in SYS_ID_AA64MMFR1_EL1. Boot CPU: 0x1001111011312122, CPU4: 0x1001111010312122
[    0.011976][    T0] CPU features: Unsupported CPU feature variation detected.
[    0.012028][    T0] cacheinfo: Unable to detect cache hierarchy for CPU 4
[    0.012038][    T0] GICv3: CPU4: found redistributor 400 region 0:0x00000000104c0000
[    0.012061][    T0] CPU4: Booted secondary processor 0x0000000400 [0x410fd811]
[    0.012569][    T0] Detected PIPT I-cache on CPU5
[    0.012577][    T0] CPU features: SANITY CHECK: Unexpected variation in SYS_ID_AA64MMFR1_EL1. Boot CPU: 0x1001111011312122, CPU5: 0x1001111010312122
[    0.012633][    T0] cacheinfo: Unable to detect cache hierarchy for CPU 5
[    0.012644][    T0] GICv3: CPU5: found redistributor 500 region 0:0x00000000104e0000
[    0.012668][    T0] CPU5: Booted secondary processor 0x0000000500 [0x410fd811]
[    0.013181][    T0] Detected PIPT I-cache on CPU6
[    0.013188][    T0] CPU features: SANITY CHECK: Unexpected variation in SYS_ID_AA64MMFR1_EL1. Boot CPU: 0x1001111011312122, CPU6: 0x1001111010312122
[    0.013248][    T0] cacheinfo: Unable to detect cache hierarchy for CPU 6
[    0.013260][    T0] GICv3: CPU6: found redistributor 600 region 0:0x0000000010500000
[    0.013285][    T0] CPU6: Booted secondary processor 0x0000000600 [0x410fd811]
[    0.013935][    T0] Detected PIPT I-cache on CPU7
[    0.013942][    T0] CPU features: SANITY CHECK: Unexpected variation in SYS_ID_AA64MMFR1_EL1. Boot CPU: 0x1001111011312122, CPU7: 0x1001111010312122
[    0.013998][    T0] cacheinfo: Unable to detect cache hierarchy for CPU 7
[    0.014010][    T0] GICv3: CPU7: found redistributor 700 region 0:0x0000000010520000
[    0.014033][    T0] CPU7: Booted secondary processor 0x0000000700 [0x410fd821]
[    0.014086][    T1] smp: Brought up 1 node, 8 CPUs
[    0.014092][    T1] SMP: Total of 8 processors activated.
[    0.014096][    T1] CPU features: detected: Branch Target Identification
[    0.014100][    T1] CPU features: detected: ARMv8.4 Translation Table Level
[    0.014102][    T1] CPU features: detected: Data cache clean to the PoU not required for I/D coherence
[    0.014105][    T1] CPU features: detected: Common not Private translations
[    0.014108][    T1] CPU features: detected: CRC32 instructions
[    0.014110][    T1] CPU features: detected: Data cache clean to Point of Deep Persistence
[    0.014112][    T1] CPU features: detected: Data cache clean to Point of Persistence
[    0.014115][    T1] CPU features: detected: E0PD
[    0.014117][    T1] CPU features: detected: Enhanced Counter Virtualization
[    0.014118][    T1] CPU features: detected: Enhanced Privileged Access Never
[    0.014121][    T1] CPU features: detected: Generic authentication (architected QARMA3 algorithm)
[    0.014124][    T1] CPU features: detected: RCpc load-acquire (LDAPR)
[    0.014125][    T1] CPU features: detected: LSE atomic instructions
[    0.014128][    T1] CPU features: detected: Privileged Access Never
[    0.014129][    T1] CPU features: detected: RAS Extension Support
[    0.014131][    T1] CPU features: detected: Speculation barrier (SB)
[    0.014132][    T1] CPU features: detected: Stage-2 Force Write-Back
[    0.014135][    T1] CPU features: detected: TLB range maintenance instructions
[    0.014137][    T1] CPU features: detected: WFx with timeout
[    0.014140][    T1] CPU features: detected: Protected KVM
[    0.014142][    T1] CPU features: detected: Speculative Store Bypassing Safe (SSBS)
[    0.014144][    T1] CPU features: detected: Scalable Vector Extension
[    0.014176][   T69] CPU features: detected CPU7: Activity Monitors Unit (AMU)
[    0.014176][   T40] CPU features: detected CPU3: Activity Monitors Unit (AMU)
[    0.014176][   T55] CPU features: detected CPU5: Activity Monitors Unit (AMU)
[    0.014177][   T62] CPU features: detected CPU6: Activity Monitors Unit (AMU)
[    0.014176][   T47] CPU features: detected CPU4: Activity Monitors Unit (AMU)
[    0.014176][   T33] CPU features: detected CPU2: Activity Monitors Unit (AMU)
[    0.014177][   T20] CPU features: detected CPU0: Activity Monitors Unit (AMU)
[    0.014177][   T26] CPU features: detected CPU1: Activity Monitors Unit (AMU)
[    0.014205][    T1] SVE: maximum available vector length 16 bytes per vector
[    0.014209][    T1] SVE: default vector length 16 bytes per vector
[    0.014219][    T1] CPU: All CPU(s) started at EL2
[    0.014232][    T1] alternatives: applying system-wide alternatives
[    0.041978][    T1] Registered cp15_barrier emulation handler
[    0.041990][    T1] Registered setend emulation handler
[    0.042055][    T1] clocksource: jiffies: mask: 0xffffffff max_cycles: 0xffffffff, max_idle_ns: 7645041785100000 ns
[    0.042068][    T1] futex hash table entries: 2048 (order: 5, 131072 bytes, linear)
[    0.044368][    T1] pinctrl core: initialized pinctrl subsystem
[    0.044751][    T1] NET: Registered PF_NETLINK/PF_ROUTE protocol family
[    0.045625][    T1] DMA: preallocated 4096 KiB GFP_KERNEL pool for atomic allocations
[    0.045645][    T1] audit: initializing netlink subsys (disabled)
[    0.045723][   T75] audit: type=2000 audit(0.040:1): state=initialized audit_enabled=0 res=1
[    0.045851][    T1] thermal_sys: Registered thermal governor 'step_wise'
[    0.045853][    T1] thermal_sys: Registered thermal governor 'user_space'
[    0.045855][    T1] thermal_sys: Registered thermal governor 'power_allocator'
[    0.045868][    T1] cpuidle: using governor menu
[    0.045975][    T1] hw-breakpoint: found 6 breakpoint and 4 watchpoint registers.
[    0.046082][    T1] ASID allocator initialised with 65536 entries
[    0.047189][    T1] Serial: AMBA PL011 UART driver
[    0.047405][    T1] ramoops: found existing invalid buffer, size 2108487, start 1381360
[    0.047864][    T1] printk: console [ramoops-1] enabled
[    0.047917][    T1] pstore: Registered ramoops as persistent store backend
[    0.047921][    T1] ramoops: using 0x400000@0xfd3ff000, ecc: 0
[    0.052268][    T1] /ete7: Fixed dependency cycle(s) with /funnel0
[    0.052289][    T1] /ete6: Fixed dependency cycle(s) with /funnel0
[    0.052303][    T1] /ete5: Fixed dependency cycle(s) with /funnel0
[    0.052320][    T1] /ete4: Fixed dependency cycle(s) with /funnel0
[    0.052335][    T1] /ete3: Fixed dependency cycle(s) with /funnel0
[    0.052354][    T1] /ete2: Fixed dependency cycle(s) with /funnel0
[    0.052367][    T1] /ete1: Fixed dependency cycle(s) with /funnel0
[    0.052380][    T1] /ete0: Fixed dependency cycle(s) with /funnel0
[    0.052394][    T1] /funnel0: Fixed dependency cycle(s) with /ete7
[    0.052407][    T1] /funnel0: Fixed dependency cycle(s) with /ete6
[    0.052421][    T1] /funnel0: Fixed dependency cycle(s) with /ete5
[    0.052434][    T1] /funnel0: Fixed dependency cycle(s) with /ete4
[    0.052448][    T1] /funnel0: Fixed dependency cycle(s) with /ete3
[    0.052462][    T1] /funnel0: Fixed dependency cycle(s) with /ete2
[    0.052475][    T1] /funnel0: Fixed dependency cycle(s) with /ete1
[    0.052489][    T1] /funnel0: Fixed dependency cycle(s) with /ete0
[    0.052552][    T1] /funnel0: Fixed dependency cycle(s) with /funnel@2a007000
[    0.052569][    T1] /funnel@2a007000: Fixed dependency cycle(s) with /funnel0
[    0.052659][    T1] /funnel@2a009000: Fixed dependency cycle(s) with /etf@2a004000
[    0.052677][    T1] /funnel@2a007000: Fixed dependency cycle(s) with /etf@2a004000
[    0.052692][    T1] /etf@2a004000: Fixed dependency cycle(s) with /funnel@2a009000
[    0.052707][    T1] /etf@2a004000: Fixed dependency cycle(s) with /funnel@2a007000
[    0.052751][    T1] /funnel@2a009000: Fixed dependency cycle(s) with /etr@2a00a000
[    0.052766][    T1] /etr@2a00a000: Fixed dependency cycle(s) with /funnel@2a009000
[    0.058180][    T1] /hsi2c@108D0000/max77759tcpc@25: Fixed dependency cycle(s) with /hsi2c@108D0000/max77759tcpc@25/connector
[    0.058193][    T1] /hsi2c@108D0000/max77759tcpc@25/connector: Fixed dependency cycle(s) with /hsi2c@108D0000/max77759tcpc@25
[    0.064319][    T1] /mct@10050000: Fixed dependency cycle(s) with /mct@10050000/mct-map
[    0.064406][    T1] /mct-v3@100D0000: Fixed dependency cycle(s) with /mct-v3@100D0000/mct-v3-map
[    0.069150][    T1] /drmdsim@19440000: Fixed dependency cycle(s) with /gs-drm-connector
[    0.069171][    T1] /gs-drm-connector: Fixed dependency cycle(s) with /drmdsim@19440000
[    0.069491][    T1] KASLR enabled
[    0.072524][    T1] iommu: Default domain type: Translated 
[    0.072529][    T1] iommu: DMA domain TLB invalidation policy: strict mode 
[    0.072697][    T1] SCSI subsystem initialized
[    0.072743][    T1] usbcore: registered new interface driver usbfs
[    0.072754][    T1] usbcore: registered new interface driver hub
[    0.072766][    T1] usbcore: registered new device driver usb
[    0.072817][    T1] mc: Linux media interface: v0.10
[    0.072829][    T1] videodev: Linux video capture interface: v2.00
[    0.072850][    T1] pps_core: LinuxPPS API ver. 1 registered
[    0.072853][    T1] pps_core: Software ver. 5.3.6 - Copyright 2005-2007 Rodolfo Giometti <giometti@linux.it>
[    0.072859][    T1] PTP clock support registered
[    0.072868][    T1] EDAC MC: Ver: 3.0.0
[    0.073208][    T1] Advanced Linux Sound Architecture Driver Initialized.
[    0.073503][    T1] clocksource: Switched to clocksource arch_sys_counter
[    0.073617][    T1] VFS: Disk quotas dquot_6.6.0
[    0.073633][    T1] VFS: Dquot-cache hash table entries: 512 (order 0, 4096 bytes)
[    0.073928][    T1] NET: Registered PF_INET protocol family
[    0.074070][    T1] IP idents hash table entries: 262144 (order: 9, 2097152 bytes, linear)
[    0.078549][    T1] tcp_listen_portaddr_hash hash table entries: 8192 (order: 5, 131072 bytes, linear)
[    0.078670][    T1] Table-perturb hash table entries: 65536 (order: 6, 262144 bytes, linear)
[    0.078725][    T1] TCP established hash table entries: 131072 (order: 8, 1048576 bytes, linear)
[    0.079005][    T1] TCP bind hash table entries: 65536 (order: 9, 2097152 bytes, linear)
[    0.079291][    T1] TCP: Hash tables configured (established 131072 bind 65536)
[    0.079347][    T1] UDP hash table entries: 8192 (order: 6, 262144 bytes, linear)
[    0.079404][    T1] UDP-Lite hash table entries: 8192 (order: 6, 262144 bytes, linear)
[    0.079504][    T1] NET: Registered PF_UNIX/PF_LOCAL protocol family
[    0.079521][    T1] NET: Registered PF_XDP protocol family
[    0.079529][    T1] PCI: CLS 0 bytes, default 64
[    0.079811][   T86] Trying to unpack rootfs image as initramfs...
[    0.079879][    T1] kvm [1]: IPA Size Limit: 40 bits
[    0.137838][    T1] kvm [1]: GICv3: no GICV resource entry
[    0.137848][    T1] kvm [1]: disabling GICv2 emulation
[    0.137873][    T1] kvm [1]: GIC system register CPU interface enabled
[    0.138061][    T1] kvm [1]: vgic interrupt IRQ18
[    0.138298][    T1] kvm [1]: Protected nVHE mode initialized successfully
[    0.138954][    T1] Initialise system trusted keyrings
[    0.139034][    T1] workingset: timestamp_bits=46 max_order=22 bucket_order=0
[    0.141252][    T1] fuse: init (API version 7.38)
[    0.165076][    T1] Key type asymmetric registered
[    0.165085][    T1] Asymmetric key parser 'x509' registered
[    0.165115][    T1] Block layer SCSI generic (bsg) driver version 0.4 loaded (major 238)
[    0.165197][    T1] io scheduler mq-deadline registered
[    0.165202][    T1] io scheduler kyber registered
[    0.165243][    T1] io scheduler bfq registered
[    0.169539][    T1] printk: console [ttynull0] enabled
[    0.169871][   T23] cacheinfo: Unable to detect cache hierarchy for CPU 0
[    0.171351][    T1] brd: module loaded
[    0.173894][    T1] loop: module loaded
[    0.174671][    T1] wireguard: WireGuard 1.0.0 loaded. See www.wireguard.com for information.
[    0.174677][    T1] wireguard: Copyright (C) 2015-2019 Jason A. Donenfeld <Jason@zx2c4.com>. All Rights Reserved.
[    0.174824][    T1] MACsec IEEE 802.1AE
[    0.175000][    T1] tun: Universal TUN/TAP device driver, 1.6
[    0.175783][    T1] usbcore: registered new interface driver uas
[    0.175799][    T1] usbcore: registered new interface driver usb-storage
[    0.175882][    T1] usbcore: registered new interface driver xpad
[    0.175916][    T1] gspca_main: v2.14.0 registered
[    0.175930][    T1] usbcore: registered new interface driver uvcvideo
[    0.176159][    T1] device-mapper: uevent: version 1.0.3
[    0.176215][    T1] device-mapper: ioctl: 4.47.0-ioctl (2022-07-28) initialised: dm-devel@redhat.com
[    0.176726][    T1] sdhci: Secure Digital Host Controller Interface driver
[    0.176730][    T1] sdhci: Copyright(c) Pierre Ossman
[    0.176733][    T1] sdhci-pltfm: SDHCI platform and OF driver helper
[    0.177083][    T1] SMCCC: SOC_ID: ARCH_SOC_ID not implemented, skipping ....
[    0.177162][    T1] hid: raw HID events driver (C) Jiri Kosina
[    0.177427][    T1] usbcore: registered new interface driver usbhid
[    0.177430][    T1] usbhid: USB HID core driver
[    0.177530][    T1] ashmem: initialized
[    0.178614][    T1] hw perfevents: enabled with armv8_pmuv3 PMU driver, 21 counters available
[    0.180158][    T1] hw perfevents: enabled with armv9_cortex_x2 PMU driver, 32 counters available
[    0.180696][    T1] gnss: GNSS driver registered with major 503
[    0.181665][    T1] usbcore: registered new interface driver snd-usb-audio
[    0.182001][    T1] GACT probability NOT on
[    0.182017][    T1] Mirror/redirect action on
[    0.182032][    T1] netem: version 1.3
[    0.182086][    T1] u32 classifier
[    0.182090][    T1]     input device check on
[    0.182094][    T1]     Actions configured
[    0.207291][    T1] xt_time: kernel timezone is -0000
[    0.207373][    T1] ipip: IPv4 and MPLS over IPv4 tunneling driver
[    0.207588][    T1] gre: GRE over IPv4 demultiplexor driver
[    0.207593][    T1] ip_gre: GRE over IPv4 tunneling driver
[    0.208013][    T1] IPv4 over IPsec tunneling driver
[    0.208154][    T1] Initializing XFRM netlink socket
[    0.208165][    T1] IPsec XFRM device driver
[    0.208343][    T1] NET: Registered PF_INET6 protocol family
[    0.209213][    T1] Segment Routing with IPv6
[    0.209229][    T1] In-situ OAM (IOAM) with IPv6
[    0.209301][    T1] mip6: Mobile IPv6
[    0.209554][    T1] sit: IPv6, IPv4 and MPLS over IPv4 tunneling driver
[    0.209846][    T1] ip6_gre: GRE over IPv6 tunneling driver
[    0.209990][    T1] NET: Registered PF_PACKET protocol family
[    0.209997][    T1] NET: Registered PF_KEY protocol family
[    0.210093][    T1] NET: Registered PF_VSOCK protocol family
[    0.246512][   T86] Freeing initrd memory: 48000K
[    0.250894][  T116] exynos_pd_el3: loading out-of-tree module taints kernel.
[    0.252251][  T116] exynos-pmu-if 15460000.exynos-pmu: exynos_pmu_if probe
[    0.254014][  T116] dpm: v1.01
[    0.254024][  T116] dpm: found features of debug policy
[    0.254029][  T116] dpm: dump-mode is Full Dump
[    0.254033][  T116] dpm: file-support of dump-mode is disabled
[    0.254038][  T116] dpm: debug-kinfo is enabled
[    0.254042][  T116] dpm: found policy of debug policy
[    0.254047][  T116] dpm: run [default] at [el1_da]
[    0.254050][  T116] dpm: run [default] at [el1_ia]
[    0.254054][  T116] dpm: run [default] at [el1_undef]
[    0.254058][  T116] dpm: run [default] at [el1_sp_pc]
[    0.254061][  T116] dpm: run [default] at [el1_inv]
[    0.254065][  T116] dpm: run [default] at [el1_serror]
[    0.254076][  T116] debug-snapshot dss: SJTAG is enabled
[    0.254084][  T116] item - header is enabled
[    0.254095][  T116] item - log_kevents is enabled
[    0.254267][  T116] debug-snapshot dss: log_bcm item is disabled, Skip alloc reserved memory
[    0.254273][  T116] item - log_s2d is enabled
[    0.254795][  T116] item - log_array_reset is enabled
[    0.255021][  T116] debug-snapshot dss: log_array_panic item is disabled, Skip alloc reserved memory
[    0.255026][  T116] debug-snapshot dss: log_slcdump item is disabled, Skip alloc reserved memory
[    0.255031][  T116] debug-snapshot dss: log_preslcdump item is disabled, Skip alloc reserved memory
[    0.255036][  T116] item - log_itmon is enabled
[    0.256711][  T116] debug-snapshot dss: debug-snapshot physical / virtual memory layout:
[    0.256715][  T116] header          : phys:0x00000000d8100000 / virt:00000000eff85ed4 / size:0x10000 / en:1
[    0.256743][  T116] log_kevents     : phys:0x00000000d8110000 / virt:0000000058df0b93 / size:0x700000 / en:1
[    0.256749][  T116] log_s2d         : phys:0x00000000d8810000 / virt:00000000790b650a / size:0x1800000 / en:1
[    0.256754][  T116] log_array_reset : phys:0x00000000da010000 / virt:0000000071aac9f2 / size:0xa00000 / en:1
[    0.256758][  T116] log_itmon       : phys:0x00000000dda10000 / virt:000000008d6c7fb7 / size:0x10000 / en:1
[    0.256763][  T116] debug-snapshot dss: total_item_size: 42112KB, dbg_snapshot_log struct size: 4120KB
[    0.256845][  T116] debug-snapshot dss: enabled
[    0.256962][  T116] debug-snapshot-log physical / virtual memory layout:
[    0.256966][  T116] task_log    : phys:0x00000000d8110000 / virt:0000000058df0b93 / size:0x6c000 / en:1
[    0.256971][  T116] work_log    : phys:0x00000000d817c000 / virt:000000004cb99a96 / size:0x36000 / en:1
[    0.256976][  T116] cpuidle_log : phys:0x00000000d81b2000 / virt:00000000b674bba1 / size:0x48000 / en:1
[    0.256981][  T116] suspend_log : phys:0x00000000d81fa000 / virt:00000000d4534dd9 / size:0x14000 / en:1
[    0.256985][  T116] clk_log     : phys:0x00000000d8376000 / virt:00000000678e1933 / size:0xa000 / en:1
[    0.256990][  T116] pmu_log     : phys:0x00000000d8380000 / virt:0000000095d3909e / size:0x8000 / en:1
[    0.256994][  T116] freq_log    : phys:0x00000000d8388000 / virt:000000007cc8e39e / size:0xc0000 / en:1
[    0.256998][  T116] dm_log      : phys:0x00000000d8448000 / virt:00000000dd5bd694 / size:0xa000 / en:1
[    0.257002][  T116] regulator_log: phys:0x00000000d84ac000 / virt:000000005ee2a3d4 / size:0xe000 / en:1
[    0.257007][  T116] thermal_log : phys:0x00000000d84ba000 / virt:00000000436ea1f7 / size:0xc000 / en:1
[    0.257011][  T116] acpm_log    : phys:0x00000000d84c6000 / virt:00000000dd6e9aa0 / size:0x8000 / en:1
[    0.257015][  T116] printk_log  : phys:0x00000000d84ce000 / virt:00000000b34b14b9 / size:0x48000 / en:1
[    0.257024][  T116] debug-snapshot dss: dbg_snapshot_probe successful.
[    0.260741][  T116] gs-chipid 10000000.chipid: CPU[ZUMAPRO] CPU_REV[0x1] Detected
[    0.261466][  T116] ect_probe: Reserved memory for ect: addr=0x0000000090000000, size=60000
[    0.261488][  T116] exynos-ect exynos-ect: Exynos ect driver probe done!
[    0.262953][  T116] gs-acpm-ipc 15110000.acpm_ipc: acpm_ipc probe
[    0.263345][  T116] [ACPM] acpm framework SRAM dump to dram base: 0x85280000
[    0.263445][  T116] gs-acpm-ipc 15110000.acpm_ipc: acpm_ipc probe done.
[    0.263600][  T116] gs-acpm 15440000.acpm: acpm probe
[    0.263627][  T116] gs-acpm 15440000.acpm: acpm probe done.
[    0.266462][  T116] ECT version: 3020
[    0.266733][  T116] vclk initialize for cmucal
[    0.268366][  T116] cannot found vclk node f
[    0.268428][  T116] zuma_cal_data_init: cal data init
[    0.269145][  T116] cmu_top_base : 0x26040000
[    0.269355][  T116] async_dvfs_enable : Enabling Async DVFS
[    0.278930][  T116] pixel_metrics: thermal_metrics driver initialized! :D
[    0.279046][  T116] pixel_metrics: perf_metrics driver initialized! :D
[    0.285414][  T116] samsung-pinctrl 16140000.pinctrl: irq number not available
[    0.285527][  T116] samsung-pinctrl 16280000.pinctrl: irq number not available
[    0.285616][  T116] samsung-pinctrl 16290000.pinctrl: irq number not available
[    0.285708][  T116] samsung-pinctrl 162a0000.pinctrl: irq number not available
[    0.285785][  T116] samsung-pinctrl 162b0000.pinctrl: irq number not available
[    0.289028][  T116] ZUMA: Clock setup completed
[    0.290019][  T116] exynos-mct: osc-24576000 rtc-32768 incr_rtcclk:0x000002ee compen_val:0x00000000
[    0.290432][  T116] clocksource: mct-frc: mask: 0xffffffff max_cycles: 0xffffffff, max_idle_ns: 77769386669 ns
[    0.298413][  T116] exynos-pd 15461a80.pd-g3d: on
[    0.298466][  T116] exynos-pd 15461c80.pd-embedded_g3d: on
[    0.298485][  T116] exynos-pd 15461a80.pd-g3d: has new subdomain pd-embedded_g3d
[    0.298543][  T116] exynos-pd 15461d00.pd-dpub: on
[    0.298588][  T116] exynos-pd 15461d80.pd-dpuf0: on
[    0.298605][  T116] exynos-pd 15461d00.pd-dpub: has new subdomain pd-dpuf0
[    0.298654][  T116] exynos-pd 15461e00.pd-dpuf1: on
[    0.298672][  T116] exynos-pd 15461d00.pd-dpub: has new subdomain pd-dpuf1
[    0.298713][  T116] exynos-pd 15461e80.pd-g2d: on
[    0.298743][  T116] exynos-pd 15461f00.pd-gdc: on
[    0.298774][  T116] exynos-pd 15461f80.pd-gse: on
[    0.298807][  T116] exynos-pd 15462000.pd-mcsc: on
[    0.298834][  T116] exynos-pd 15462080.pd-mfc: on
[    0.298862][  T116] exynos-pd 15462100.pd-rgbp: on
[    0.298890][  T116] exynos-pd 15462180.pd-tnr: on
[    0.298916][  T116] exynos-pd 15462200.pd-yuvp: on
[    0.298945][  T116] exynos-pd 15462300.pd-aur: on
[    0.298972][  T116] exynos-pd 15462380.pd-bw: on
[    0.299001][  T116] exynos-pd 15462400.pd-eh: on
[    0.299029][  T116] exynos-pd 15462480.pd-ispfe: on
[    0.299057][  T116] exynos-pd 15462500.pd-tpu: on
[    0.299084][  T116] exynos-pd 15462a80.pd-hsi0: on
[    0.428302][  T121] pkvm-s2mpu-v9 20a80000.s2mpu_s0_aur: registered with hypervisor [0/29]
[    0.428652][  T121] pkvm-s2mpu-v9 1a670000.s2mpu_s0_bw: registered with hypervisor [1/29]
[    0.428855][  T121] pkvm-s2mpu-v9 29c50000.s2mpu_s0_cpucl0: registered with hypervisor [2/29]
[    0.429049][  T121] pkvm-s2mpu-v9 19870000.s2mpu_s0_dpuf0: registered with hypervisor [3/29]
[    0.429224][  T121] pkvm-s2mpu-v9 19c70000.s2mpu_s0_dpuf1: registered with hypervisor [4/29]
[    0.429384][  T121] pkvm-s2mpu-v9 16c70000.s2mpu_s0_eh: registered with hypervisor [5/29]
[    0.429563][  T121] pkvm-s2mpu-v9 1a8a0000.s2mpu_s0_g2d: registered with hypervisor [6/29]
[    0.429735][  T121] pkvm-s2mpu-v9 1ee70000.s2mpu_s0_g3d: registered with hypervisor [7/29]
[    0.429992][  T121] pkvm-s2mpu-v9 1d4f0000.s2mpu_s0_gdc: registered with hypervisor [8/29]
[    0.430212][  T121] pkvm-s2mpu-v9 1d8a0000.s2mpu_s0_gse: registered with hypervisor [9/29]
[    0.430399][  T121] pkvm-s2mpu-v9 11070000.s2mpu_s0_hsi0: registered with hypervisor [10/29]
[    0.430539][  T121] pkvm-s2mpu-v9 12090000.s2mpu_s0_hsi1: registered with hypervisor [11/29]
[    0.430773][  T121] pkvm-s2mpu-v9 131f0000.s2mpu_s0_hsi2: registered with hypervisor [12/29]
[    0.431105][  T121] pkvm-s2mpu-v9 1c140000.s2mpu_s0_ispfe: registered with hypervisor [13/29]
[    0.431300][  T121] pkvm-s2mpu-v9 1c180000.s2mpu_s1_ispfe: registered with hypervisor [14/29]
[    0.431485][  T121] pkvm-s2mpu-v9 1c1c0000.s2mpu_s2_ispfe: registered with hypervisor [15/29]
[    0.431685][  T121] pkvm-s2mpu-v9 1d0d0000.s2mpu_s0_mcsc: registered with hypervisor [16/29]
[    0.431880][  T121] pkvm-s2mpu-v9 1a4a0000.s2mpu_s0_mfc: registered with hypervisor [17/29]
[    0.432085][  T121] pkvm-s2mpu-v9 101f0000.s2mpu_s0_misc: registered with hypervisor [18/29]
[    0.432419][  T121] pkvm-s2mpu-v9 1c4d0000.s2mpu_s0_rgbp: registered with hypervisor [19/29]
[    0.432609][  T121] pkvm-s2mpu-v9 1c510000.s2mpu_s1_rgbp: registered with hypervisor [20/29]
[    0.432815][  T121] pkvm-s2mpu-v9 1ccb0000.s2mpu_s0_tnr: registered with hypervisor [21/29]
[    0.433039][  T121] pkvm-s2mpu-v9 1ccf0000.s2mpu_s1_tnr: registered with hypervisor [22/29]
[    0.433284][  T121] pkvm-s2mpu-v9 1cd30000.s2mpu_s2_tnr: registered with hypervisor [23/29]
[    0.433476][  T121] pkvm-s2mpu-v9 1a370000.s2mpu_s0_tpu: registered with hypervisor [24/29]
[    0.433655][  T121] pkvm-s2mpu-v9 1c8a0000.s2mpu_s0_yuvp: registered with hypervisor [25/29]
[    0.433842][  T121] pkvm-s2mpu-v9 16470000.s2mpu_s0_gsa: registered with hypervisor [26/29]
[    0.434021][  T121] pkvm-s2mpu-v9 190c0000.s2mpu_s0_aoc: registered with hypervisor [27/29]
[    0.434196][  T121] pkvm-s2mpu-v9 155b0000.s2mpu_s0_alive: registered with hypervisor [28/29]
[    0.434203][  T121] List of devices successfully finalized for pkvm s2mpu
[    0.439574][    T1] registered taskstats version 1
[    0.439598][    T1] Loading compiled-in X.509 certificates
[    0.441867][    T1] Loaded X.509 cert 'Build time autogenerated kernel key: 3b7d71a4b579088be22d9992f5f357ae6dbd0035'
[    0.441935][    T1] page_owner is disabled
[    0.442104][    T1] Key type .fscrypt registered
[    0.442110][    T1] Key type fscrypt-provisioning registered
[    0.442165][    T1] pstore: Invalid compression size for deflate: 0
[    0.448793][    T1] input: gpio_keys as /devices/platform/gpio_keys/input/input0
[    0.450067][    T1] clk: Not disabling unused clocks
[    0.450145][    T1] ALSA device list:
[    0.450152][    T1]   No soundcards found.
[    0.450577][    T1] Freeing unused kernel memory: 4224K
[    0.451099][    T1] Run /init as init process
[    0.452820][    T1] init: init first stage started!
[    0.453957][    T1] init: alias lines in modules.alias must have 3 entries, not 5
[    0.456133][    T1] init: Loading module /lib/modules/fips140.ko with args ''
[    0.458988][    T1] Kernel module BTF mismatch detected, BTF debug info may be unavailable for some modules
[    0.459093][    T1] fips140: loading Android Kernel Cryptographic Module 6.1.75-android14-11-g5dc2bc296647-ab11690398
[    0.483301][    T1] fips140: running self-tests
[    0.492859][    T1] fips140: all self-tests passed
[    0.492871][    T1] fips140: text size  : 0x20544
[    0.492875][    T1] fips140: rodata size: 0x6180
[    0.493005][    T1] fips140: using 'hmac(sha256-ce)' for integrity check
[    0.493281][    T1] fips140: integrity check passed
[    0.494333][    T1] fips140: module successfully loaded
[    0.494441][    T1] init: Loaded kernel module /lib/modules/fips140.ko
[    0.494548][    T1] init: Loading module /lib/modules/zsmalloc.ko with args ''
[    0.496816][    T1] init: Loaded kernel module /lib/modules/zsmalloc.ko
[    0.496872][    T1] init: Loading module /lib/modules/drm_display_helper.ko with args ''
[    0.499089][    T1] init: Loaded kernel module /lib/modules/drm_display_helper.ko
[    0.499144][    T1] init: Loading module /lib/modules/at24.ko with args 'write_timeout=100'
[    0.500175][    T1] init: Loaded kernel module /lib/modules/at24.ko
[    0.500241][    T1] init: Loading module /lib/modules/open-dice.ko with args ''
[    0.501352][    T1] init: Loaded kernel module /lib/modules/open-dice.ko
[    0.501402][    T1] init: Loading module /lib/modules/sg.ko with args ''
[    0.502604][    T1] init: Loaded kernel module /lib/modules/sg.ko
[    0.502658][    T1] init: Loading module /lib/modules/spidev.ko with args ''
[    0.503177][    T1] init: Loaded kernel module /lib/modules/spidev.ko
[    0.503229][    T1] init: Loading module /lib/modules/i2c-dev.ko with args ''
[    0.503700][    T1] i2c_dev: i2c /dev entries driver
[    0.503732][    T1] init: Loaded kernel module /lib/modules/i2c-dev.ko
[    0.503781][    T1] init: Loading module /lib/modules/arm-cmn.ko with args ''
[    0.505598][    T1] init: Loaded kernel module /lib/modules/arm-cmn.ko
[    0.505690][    T1] init: Loading module /lib/modules/exynos-pd_el3.ko with args ''
[    0.505754][    T1] init: Loading module /lib/modules/eusb_repeater.ko with args ''
[    0.505909][    T1] init: Loading module /lib/modules/exynos-pd_hsi0.ko with args ''
[    0.505956][    T1] init: Loading module /lib/modules/phy-exynos-usbdrd-eusb-super.ko with args ''
[    0.506204][    T1] init: Loading module /lib/modules/exynos-pmu-if.ko with args ''
[    0.506259][    T1] init: Loading module /lib/modules/phy-exynos-mipi-dsim.ko with args ''
[    0.506491][    T1] exynos-mipi-phy dphy_m4s4_dsim0@19460000: exynos_mipi_phy_probe: isolation 0x3eb8
[    0.506528][    T1] exynos-mipi-phy dphy_m4s4_dsim0@19460000: creating exynos-mipi-phy
[    0.506712][    T1] init: Loaded kernel module /lib/modules/phy-exynos-mipi-dsim.ko
[    0.506767][    T1] init: Loading module /lib/modules/phy-exynos-mipi.ko with args ''
[    0.507225][    T1] exynos-mipi-phy-csi 1c101200.dcphy_m0s4s4s4s4s4_csi0: exynos_mipi_phy_probe: isolation 0x3ebc
[    0.507230][    T1] exynos-mipi-phy-csi 1c101200.dcphy_m0s4s4s4s4s4_csi0: exynos_mipi_phy_probe: reset 0
[    0.507267][    T1] exynos-mipi-phy-csi 1c101200.dcphy_m0s4s4s4s4s4_csi0: creating exynos-mipi-phy
[    0.507294][    T1] exynos-mipi-phy-csi 1c101700.dcphy_m0s4s4s4s4s4_csi0: exynos_mipi_phy_probe: isolation 0x3ebc
[    0.507298][    T1] exynos-mipi-phy-csi 1c101700.dcphy_m0s4s4s4s4s4_csi0: exynos_mipi_phy_probe: reset 1
[    0.507322][    T1] exynos-mipi-phy-csi 1c101700.dcphy_m0s4s4s4s4s4_csi0: creating exynos-mipi-phy
[    0.507352][    T1] exynos-mipi-phy-csi 1c102200.dcphy_m0s4s4s4s4s4_csi0: exynos_mipi_phy_probe: isolation 0x3ebc
[    0.507356][    T1] exynos-mipi-phy-csi 1c102200.dcphy_m0s4s4s4s4s4_csi0: exynos_mipi_phy_probe: reset 2
[    0.507379][    T1] exynos-mipi-phy-csi 1c102200.dcphy_m0s4s4s4s4s4_csi0: creating exynos-mipi-phy
[    0.507402][    T1] exynos-mipi-phy-csi 1c102700.dcphy_m0s4s4s4s4s4_csi0: exynos_mipi_phy_probe: isolation 0x3ebc
[    0.507406][    T1] exynos-mipi-phy-csi 1c102700.dcphy_m0s4s4s4s4s4_csi0: exynos_mipi_phy_probe: reset 3
[    0.507429][    T1] exynos-mipi-phy-csi 1c102700.dcphy_m0s4s4s4s4s4_csi0: creating exynos-mipi-phy
[    0.507460][    T1] exynos-mipi-phy-csi 1c102c00.dcphy_m0s4s4s4s4s4_csi0: exynos_mipi_phy_probe: isolation 0x3ebc
[    0.507465][    T1] exynos-mipi-phy-csi 1c102c00.dcphy_m0s4s4s4s4s4_csi0: exynos_mipi_phy_probe: reset 4
[    0.507487][    T1] exynos-mipi-phy-csi 1c102c00.dcphy_m0s4s4s4s4s4_csi0: creating exynos-mipi-phy
[    0.507517][    T1] exynos-mipi-phy-csi 1c103100.dcphy_m0s4s4s4s4s4_csi0: exynos_mipi_phy_probe: isolation 0x3ebc
[    0.507520][    T1] exynos-mipi-phy-csi 1c103100.dcphy_m0s4s4s4s4s4_csi0: exynos_mipi_phy_probe: reset 5
[    0.507544][    T1] exynos-mipi-phy-csi 1c103100.dcphy_m0s4s4s4s4s4_csi0: creating exynos-mipi-phy
[    0.507573][    T1] exynos-mipi-phy-csi 1c103600.dcphy_m0s4s4s4s4s4_csi0: exynos_mipi_phy_probe: isolation 0x3ebc
[    0.507578][    T1] exynos-mipi-phy-csi 1c103600.dcphy_m0s4s4s4s4s4_csi0: exynos_mipi_phy_probe: reset 6
[    0.507600][    T1] exynos-mipi-phy-csi 1c103600.dcphy_m0s4s4s4s4s4_csi0: creating exynos-mipi-phy
[    0.507625][    T1] exynos-mipi-phy-csi 1c103700.dcphy_m0s4s4s4s4s4_csi0: exynos_mipi_phy_probe: isolation 0x3ebc
[    0.507628][    T1] exynos-mipi-phy-csi 1c103700.dcphy_m0s4s4s4s4s4_csi0: exynos_mipi_phy_probe: reset 7
[    0.507650][    T1] exynos-mipi-phy-csi 1c103700.dcphy_m0s4s4s4s4s4_csi0: creating exynos-mipi-phy
[    0.507674][    T1] exynos-mipi-phy-csi 1c103c00.dcphy_m0s4s4s4s4s4_csi0: exynos_mipi_phy_probe: isolation 0x3ebc
[    0.507677][    T1] exynos-mipi-phy-csi 1c103c00.dcphy_m0s4s4s4s4s4_csi0: exynos_mipi_phy_probe: reset 8
[    0.507698][    T1] exynos-mipi-phy-csi 1c103c00.dcphy_m0s4s4s4s4s4_csi0: creating exynos-mipi-phy
[    0.507829][    T1] init: Loaded kernel module /lib/modules/phy-exynos-mipi.ko
[    0.507884][    T1] init: Loading module /lib/modules/pinctrl-exynos-gs.ko with args ''
[    0.508072][    T1] init: Loading module /lib/modules/pixel-suspend-diag.ko with args ''
[    0.508151][    T1] init: Loading module /lib/modules/dss.ko with args ''
[    0.508408][    T1] init: Loading module /lib/modules/gs_perf_mon.ko with args ''
[    0.508528][    T1] init: Loading module /lib/modules/sched_tp.ko with args ''
[    0.508724][    T1] init: Loading module /lib/modules/gs-chipid.ko with args ''
[    0.508801][    T1] init: Loading module /lib/modules/ect_parser.ko with args ''
[    0.508947][    T1] init: Loading module /lib/modules/systrace.ko with args ''
[    0.509012][    T1] init: Loading module /lib/modules/kernel-top.ko with args ''
[    0.509079][    T1] init: Loading module /lib/modules/gs_acpm.ko with args ''
[    0.509229][    T1] init: Loading module /lib/modules/cmupmucal.ko with args ''
[    0.510569][    T1] init: Loading module /lib/modules/vh_sched.ko with args ''
[    0.513632][    T1] init: Loading module /lib/modules/pixel_metrics.ko with args ''
[    0.513927][    T1] init: Loading module /lib/modules/clk_exynos_gs.ko with args ''
[    0.514029][    T1] init: Loading module /lib/modules/exynos_mct_v3.ko with args ''
[    0.514105][    T1] init: Loading module /lib/modules/exynos-cpupm.ko with args ''
[    0.514244][    T1] init: Loading module /lib/modules/logbuffer.ko with args ''
[    0.514800][    T1] init: Loaded kernel module /lib/modules/logbuffer.ko
[    0.514861][    T1] init: Loading module /lib/modules/exynos_pm_qos.ko with args ''
[    0.514955][    T1] init: Loading module /lib/modules/itmon.ko with args ''
[    0.515605][    T1] exynos-itmon-v2 exynos-itmon: BOOKER node found
[    0.515610][    T1] exynos-itmon-v2 exynos-itmon: BOOKER node: prio -> [1]
[    0.515614][    T1] exynos-itmon-v2 exynos-itmon: BOOKER node: decerr_job [s2d] -> [1/default]
[    0.515618][    T1] exynos-itmon-v2 exynos-itmon: BOOKER node: slverr_job [s2d] -> [1/s2d]
[    0.515622][    T1] exynos-itmon-v2 exynos-itmon: BOOKER node: tmout_job [s2d] -> [1/s2d]
[    0.515625][    T1] exynos-itmon-v2 exynos-itmon: node1 device node is not found
[    0.515628][    T1] exynos-itmon-v2 exynos-itmon: 		Error Policy Information
[    0.515628][    T1] 
[    0.515628][    T1] 		> NAME           |Error    |Policy-def |Policy-now
[    0.515633][    T1] exynos-itmon-v2 exynos-itmon: 		>       err_tmout     FALSE       s2d       s2d
[    0.515640][    T1] exynos-itmon-v2 exynos-itmon: 		>    err_prtchker     FALSE       s2d       s2d
[    0.515646][    T1] exynos-itmon-v2 exynos-itmon: 		>      err_decerr     FALSE       s2d       s2d
[    0.515652][    T1] exynos-itmon-v2 exynos-itmon: 		>      err_slverr     FALSE       s2d       s2d
[    0.515657][    T1] exynos-itmon-v2 exynos-itmon: 		>       err_fatal     FALSE   default   default
[    0.515663][    T1] exynos-itmon-v2 exynos-itmon: 
[    0.515666][    T1] exynos-itmon-v2 exynos-itmon: dbgc is not found
[    0.515726][    T1] exynos-itmon-v2 exynos-itmon: success to register request irq143 - NOCL1A_D
[    0.515754][    T1] exynos-itmon-v2 exynos-itmon: success to register request irq144 - NOCL1B_D
[    0.515779][    T1] exynos-itmon-v2 exynos-itmon: success to register request irq145 - NOCL2AA_D
[    0.515804][    T1] exynos-itmon-v2 exynos-itmon: success to register request irq146 - NOCL2AB_D
[    0.515829][    T1] exynos-itmon-v2 exynos-itmon: success to register request irq147 - NOCL0_D
[    0.515852][    T1] exynos-itmon-v2 exynos-itmon: success to register request irq148 - NOCL1A_P
[    0.515875][    T1] exynos-itmon-v2 exynos-itmon: success to register request irq149 - NOCL1B_P
[    0.515897][    T1] exynos-itmon-v2 exynos-itmon: success to register request irq150 - NOCL2AA_P
[    0.515922][    T1] exynos-itmon-v2 exynos-itmon: success to register request irq151 - NOCL2AB_P
[    0.515945][    T1] exynos-itmon-v2 exynos-itmon: success to register request irq152 - NOCL0_P
[    0.516245][    T1] exynos-itmon-v2 exynos-itmon: itmon enabled
[    0.516249][    T1] exynos-itmon-v2 exynos-itmon: success to probe Exynos ITMON driver
[    0.516515][    T1] init: Loaded kernel module /lib/modules/itmon.ko
[    0.516570][    T1] init: Loading module /lib/modules/exynos-pcie-iommu.ko with args ''
[    0.517720][    T1] pcie-sysmmu 12060000.sysmmu: Enable map once.
[    0.517724][    T1] pcie-sysmmu 12060000.sysmmu: Number of PMMU : 1.
[    0.517762][    T1] pcie-sysmmu 12060000.sysmmu: Probe HSI1 block, PCIe VID : 0
[    0.517765][    T1] pcie-sysmmu 12060000.sysmmu: L1Page Table Address : 0x0x00000000877c0000(phys)
[    0.517769][    T1] pcie-sysmmu 12060000.sysmmu: is probed. Version 9.0.0 - MAX VM : 8, 36bit addr : 1
[    0.517899][    T1] init: Loaded kernel module /lib/modules/exynos-pcie-iommu.ko
[    0.518096][    T1] init: Loading module /lib/modules/sbb-mux.ko with args ''
[    0.518563][    T1] sbb-mux: Initializing signal [0, '0']...
[    0.518569][    T1] sbb-mux: Initializing signal [1, '1']...
[    0.518575][    T1] sbb-mux: Initializing signal [2, 'kernel_test']...
[    0.518584][    T1] sbb-mux: Initializing signal [3, 'userland_test']...
[    0.518590][    T1] sbb-mux: Initializing signal [4, 'gp_region_0']...
[    0.518596][    T1] sbb-mux: Initializing signal [5, 'gp_region_1']...
[    0.518602][    T1] sbb-mux: Initializing signal [6, 'gp_region_2']...
[    0.518607][    T1] sbb-mux: Initializing signal [7, 'gp_region_3']...
[    0.518612][    T1] sbb-mux: Initializing signal [8, 'k_gp_region_0']...
[    0.518619][    T1] sbb-mux: Initializing signal [9, 'k_gp_region_1']...
[    0.518625][    T1] sbb-mux: Initializing signal [10, 'k_gp_region_2']...
[    0.518631][    T1] sbb-mux: Initializing signal [11, 'k_gp_region_3']...
[    0.518638][    T1] sbb-mux: Initializing signal [12, 'app_misc0']...
[    0.518643][    T1] sbb-mux: Initializing signal [13, 'app_misc1']...
[    0.518650][    T1] sbb-mux: Initializing signal [14, 'app_misc2']...
[    0.518656][    T1] sbb-mux: Initializing signal [15, 'app_misc3']...
[    0.518661][    T1] sbb-mux: Initializing signal [16, 'app_misc4']...
[    0.518666][    T1] sbb-mux: Initializing signal [17, 'app_misc5']...
[    0.518672][    T1] sbb-mux: Initializing signal [18, 'app_misc6']...
[    0.518678][    T1] sbb-mux: Initializing signal [19, 'app_misc7']...
[    0.518684][    T1] sbb-mux: Initializing signal [20, 'app_misc8']...
[    0.518689][    T1] sbb-mux: Initializing signal [21, 'app_misc9']...
[    0.518695][    T1] sbb-mux: Initializing signal [22, 'cam_misc0']...
[    0.518701][    T1] sbb-mux: Initializing signal [23, 'cam_misc1']...
[    0.518707][    T1] sbb-mux: Initializing signal [24, 'cam_misc2']...
[    0.518712][    T1] sbb-mux: Initializing signal [25, 'cam_misc3']...
[    0.518718][    T1] sbb-mux: Initializing signal [26, 'cam_misc4']...
[    0.518723][    T1] sbb-mux: Initializing signal [27, 'cam_misc5']...
[    0.518728][    T1] sbb-mux: Initializing signal [28, 'cam_misc6']...
[    0.518734][    T1] sbb-mux: Initializing signal [29, 'cam_misc7']...
[    0.518740][    T1] sbb-mux: Initializing signal [30, 'cam_misc8']...
[    0.518746][    T1] sbb-mux: Initializing signal [31, 'cam_misc9']...
[    0.518751][    T1] sbb-mux: Initializing signal [32, 'ufs_active_idle']...
[    0.518757][    T1] sbb-mux: Initializing signal [33, 'ufs_power_on']...
[    0.518763][    T1] sbb-mux: Initializing signal [34, 'ufs_io_outstanding']...
[    0.518769][    T1] sbb-mux: Initializing signal [35, 'cp2ap_wake_isr']...
[    0.518775][    T1] sbb-mux: Initializing signal [36, 'pcie_link_state']...
[    0.518872][    T1] sbb-mux: Calling sbb_mux_drv_probe!
[    0.518916][    T1] sbb-mux: Num GPIOs: 3.
[    0.518930][    T1] sbb-mux: GPIO system id: 18.
[    0.518949][    T1] Correctly initialized GPIO tracker #18 for GPIO C1_T0__XAPC_USI2_CTSn_CSn!
[    0.518957][    T1] sbb-mux: GPIO system id: 61.
[    0.518969][    T1] Correctly initialized GPIO tracker #61 for GPIO C1_T1__XAPC_USI9_RTSn_DI!
[    0.518975][    T1] sbb-mux: GPIO system id: 62.
[    0.518985][    T1] Correctly initialized GPIO tracker #62 for GPIO C1_T2__XAPC_USI9_CTSn_CSn!
[    0.519011][    T1] sbb-mux: Registered! :D
[    0.519041][    T1] init: Loaded kernel module /lib/modules/sbb-mux.ko
[    0.519094][    T1] init: Loading module /lib/modules/pcie-exynos-zuma-rc-cal.ko with args ''
[    0.519451][    T1] init: Loaded kernel module /lib/modules/pcie-exynos-zuma-rc-cal.ko
[    0.519471][    T1] init: Loading module /lib/modules/pcie-exynos-gs.ko with args ''
[    0.520764][    T1] exynos-pcie-rc 12100000.pcie: ## PCIe RC PROBE start
[    0.520782][    T1] exynos-pcie-rc 12100000.pcie: ## PCIe ch 0 ##
[    0.520837][    T1] logbuffer: id:pcie0 registered, buffer entries: 1024
[    0.520847][    T1] exynos-pcie-rc 12100000.pcie: Failed to parse the number of chip-ver, default '0'
[    0.520851][    T1] exynos-pcie-rc 12100000.pcie: parse the number of lanes: 2
[    0.520854][    T1] exynos-pcie-rc 12100000.pcie: parse the separated msi: 1
[    0.520857][    T1] exynos-pcie-rc 12100000.pcie: Cache Coherency unit is ENABLED.
[    0.520860][    T1] exynos-pcie-rc 12100000.pcie: MSI is ENABLED.
[    0.520863][    T1] exynos-pcie-rc 12100000.pcie: ## PCIe don't support 64-bit MSI addressing
[    0.520866][    T1] exynos-pcie-rc 12100000.pcie: ## PCIe use SICD
[    0.520869][    T1] exynos-pcie-rc 12100000.pcie: ## PCIe use PCIE ON Sleep
[    0.520873][    T1] exynos-pcie-rc 12100000.pcie: PCIe SysMMU is ENABLED.
[    0.520876][    T1] exynos-pcie-rc 12100000.pcie: PCIe I/A is DISABLED.
[    0.520879][    T1] exynos-pcie-rc 12100000.pcie: PCIe L1SS(L1.2) is ENABLED.
[    0.520885][    T1] exynos-pcie-rc 12100000.pcie: exynos_pcie_rc_parse_dt: pcie int_min_lock = 200000
[    0.520982][    T1] exynos-pcie-rc 12100000.pcie: wlan gpio is not defined -> don't use wifi through pcie#0
[    0.520987][    T1] exynos-pcie-rc 12100000.pcie: ssd gpio is not defined -> don't use ssd through pcie#0
[    0.520991][    T1] exynos-pcie-rc 12100000.pcie: customized de-emphasis enable 0 with value: 0
[    0.521025][    T1] exynos-pcie-rc 12100000.pcie: No idle pin state(but it's OK)!!
[    0.521069][    T1] exynos-pcie-rc 12100000.pcie: Initialize PHY functions.
[    0.521073][    T1] exynos-pcie-rc 12100000.pcie: Initialize PCIe function.
[    0.521149][    T1] exynos-pcie-rc 12100000.pcie: PCIe cap [0x1][Power Management]: 0x40
[    0.521156][    T1] exynos-pcie-rc 12100000.pcie: PCIe cap [0x5][Message Signalled Interrupts]: 0x50
[    0.521160][    T1] exynos-pcie-rc 12100000.pcie: PCIe cap [0x10][PCI Express]: 0x70
[    0.521163][    T1] exynos-pcie-rc 12100000.pcie: PCIe ext cap [0x1][Advanced Error Reporting]: 0x100
[    0.521167][    T1] exynos-pcie-rc 12100000.pcie: PCIe ext cap [0x19][Secondary PCIe Capability]: 0x148
[    0.521171][    T1] exynos-pcie-rc 12100000.pcie: PCIe ext cap [0x1e][L1 PM Substates]: 0x160
[    0.521175][    T1] exynos-pcie-rc 12100000.pcie: PCIe ext cap [0x25][Data Link Feature]: 0x170
[    0.521223][    T1] exynos-pcie-rc 12100000.pcie: 155 separated MSI irq is defined.
[    0.521246][    T1] exynos-pcie-rc 12100000.pcie: 156 separated MSI irq is defined.
[    0.521259][    T1] exynos-pcie-rc 12100000.pcie: 157 separated MSI irq is defined.
[    0.521270][    T1] exynos-pcie-rc 12100000.pcie: 158 separated MSI irq is defined.
[    0.521282][    T1] exynos-pcie-rc 12100000.pcie: 159 separated MSI irq is defined.
[    0.521321][    T1] exynos-pcie-rc 12100000.pcie: host bridge /pcie@12100000 ranges:
[    0.521328][    T1] exynos-pcie-rc 12100000.pcie:   No bus range found for /pcie@12100000, using [bus 00-ff]
[    0.521339][    T1] exynos-pcie-rc 12100000.pcie:      MEM 0x0040000000..0x0040feffff -> 0x0040000000
[    0.521404][    T1] exynos-pcie-rc 12100000.pcie: No iATU regions found
[    0.521407][    T1] exynos-pcie-rc 12100000.pcie: iATU unroll: enabled
[    0.521411][    T1] exynos-pcie-rc 12100000.pcie: iATU regions: 0 ob, 0 ib, align 0K, limit 0G
[    0.521819][    T1] exynos-pcie-rc 12100000.pcie: PCI host bridge to bus 0000:00
[    0.521824][    T1] pci_bus 0000:00: root bus resource [bus 00-ff]
[    0.521829][    T1] pci_bus 0000:00: root bus resource [mem 0x40000000-0x40feffff]
[    0.521857][    T1] pci 0000:00:00.0: [144d:ecec] type 01 class 0x060400
[    0.521969][    T1] pci 0000:00:00.0: PME# supported from D0 D3hot D3cold
[    0.526405][    T1] pci 0000:00:00.0: PCI bridge to [bus 01-ff]
[    0.526866][    T1] pcieport 0000:00:00.0: PME: Signaling with IRQ 161
[    0.527030][    T1] pcieport 0000:00:00.0: AER: enabled with IRQ 161
[    0.527129][    T1] exynos-pcie-rc 12100000.pcie: PCIE idle ip index : 14
[    0.527133][    T1] exynos-pcie-rc 12100000.pcie: exynos_pcie_rc_probe, ip idle status : 1, idle_ip_index: 14
[    0.527217][    T1] exynos-pcie-rc 12100000.pcie: ## register pcie connection function
[    0.527221][    T1] exynos-pcie-rc 12100000.pcie: ## exynos_pcie_rc_probe: PCIe probe success
[    0.527331][    T1] exynos-pcie-rc 13120000.pcie: ## PCIe RC PROBE start
[    0.527347][    T1] exynos-pcie-rc 13120000.pcie: ## PCIe ch 1 ##
[    0.527407][    T1] logbuffer: id:pcie1 registered, buffer entries: 1024
[    0.527420][    T1] exynos-pcie-rc 13120000.pcie: Failed to parse the number of chip-ver, default '0'
[    0.527423][    T1] exynos-pcie-rc 13120000.pcie: parse the number of lanes: 1
[    0.527427][    T1] exynos-pcie-rc 13120000.pcie: Unset separated-msi value, default '0'
[    0.527431][    T1] exynos-pcie-rc 13120000.pcie: MSI is ENABLED.
[    0.527434][    T1] exynos-pcie-rc 13120000.pcie: ## PCIe don't support 64-bit MSI addressing
[    0.527437][    T1] exynos-pcie-rc 13120000.pcie: ## PCIe use SICD
[    0.527441][    T1] exynos-pcie-rc 13120000.pcie: ## PCIe don't use PCIE ON Sleep
[    0.527444][    T1] exynos-pcie-rc 13120000.pcie: PCIe SysMMU is DISABLED.
[    0.527447][    T1] exynos-pcie-rc 13120000.pcie: PCIe I/A is DISABLED.
[    0.527450][    T1] exynos-pcie-rc 13120000.pcie: PCIe L1SS(L1.2) is ENABLED.
[    0.527456][    T1] exynos-pcie-rc 13120000.pcie: exynos_pcie_rc_parse_dt: pcie int_min_lock = 200000
[    0.527516][    T1] exynos-pcie-rc 13120000.pcie: ssd gpio is not defined -> don't use ssd through pcie#1
[    0.527521][    T1] exynos-pcie-rc 13120000.pcie: customized de-emphasis enable 0 with value: 0
[    0.527556][    T1] exynos-pcie-rc 13120000.pcie: No idle pin state(but it's OK)!!
[    0.527601][    T1] exynos-pcie-rc 13120000.pcie: Initialize PHY functions.
[    0.527604][    T1] exynos-pcie-rc 13120000.pcie: Initialize PCIe function.
[    0.527714][    T1] exynos-pcie-rc 13120000.pcie: Disable PCIE2 PHY
[    0.527839][    T1] exynos-pcie-rc 13120000.pcie: PCIe cap [0x1][Power Management]: 0x40
[    0.527842][    T1] exynos-pcie-rc 13120000.pcie: PCIe cap [0x5][Message Signalled Interrupts]: 0x50
[    0.527846][    T1] exynos-pcie-rc 13120000.pcie: PCIe cap [0x10][PCI Express]: 0x70
[    0.527849][    T1] exynos-pcie-rc 13120000.pcie: PCIe ext cap [0x1][Advanced Error Reporting]: 0x100
[    0.527852][    T1] exynos-pcie-rc 13120000.pcie: PCIe ext cap [0x19][Secondary PCIe Capability]: 0x148
[    0.527855][    T1] exynos-pcie-rc 13120000.pcie: PCIe ext cap [0x1e][L1 PM Substates]: 0x160
[    0.527858][    T1] exynos-pcie-rc 13120000.pcie: PCIe ext cap [0x25][Data Link Feature]: 0x170
[    0.527906][    T1] exynos-pcie-rc 13120000.pcie: host bridge /pcie@13120000 ranges:
[    0.527911][    T1] exynos-pcie-rc 13120000.pcie:   No bus range found for /pcie@13120000, using [bus 00-ff]
[    0.527919][    T1] exynos-pcie-rc 13120000.pcie:      MEM 0x0060000000..0x0060feffff -> 0x0060000000
[    0.527987][    T1] exynos-pcie-rc 13120000.pcie: No iATU regions found
[    0.527990][    T1] exynos-pcie-rc 13120000.pcie: iATU unroll: enabled
[    0.527993][    T1] exynos-pcie-rc 13120000.pcie: iATU regions: 0 ob, 0 ib, align 0K, limit 0G
[    0.528062][    T1] exynos-pcie-rc 13120000.pcie: PCI host bridge to bus 0001:00
[    0.528067][    T1] pci_bus 0001:00: root bus resource [bus 00-ff]
[    0.528070][    T1] pci_bus 0001:00: root bus resource [mem 0x60000000-0x60feffff]
[    0.528095][    T1] pci 0001:00:00.0: [144d:eced] type 01 class 0x060400
[    0.528115][    T1] pci 0001:00:00.0: reg 0x10: [mem 0x00000000-0x000fffff]
[    0.528136][    T1] pci 0001:00:00.0: reg 0x38: [mem 0x00000000-0x0000ffff pref]
[    0.528229][    T1] pci 0001:00:00.0: PME# supported from D0 D3hot D3cold
[    0.532375][    T1] pci 0001:00:00.0: BAR 0: assigned [mem 0x60000000-0x600fffff]
[    0.532386][    T1] pci 0001:00:00.0: BAR 6: assigned [mem 0x60100000-0x6010ffff pref]
[    0.532392][    T1] pci 0001:00:00.0: PCI bridge to [bus 01-ff]
[    0.532891][    T1] genirq: irq_chip PCI-MSI did not update eff. affinity mask of irq 163
[    0.532904][    T1] pcieport 0001:00:00.0: PME: Signaling with IRQ 163
[    0.533039][    T1] pcieport 0001:00:00.0: AER: enabled with IRQ 163
[    0.533131][    T1] exynos-pcie-rc 13120000.pcie: PCIE idle ip index : 15
[    0.533134][    T1] exynos-pcie-rc 13120000.pcie: exynos_pcie_rc_probe, ip idle status : 1, idle_ip_index: 15
[    0.533195][    T1] exynos-pcie-rc 13120000.pcie: ## exynos_pcie_rc_probe: PCIe probe success
[    0.533341][    T1] init: Loaded kernel module /lib/modules/pcie-exynos-gs.ko
[    0.533420][    T1] init: Loading module /lib/modules/pl330.ko with args ''
[    0.535613][    T1] dma-pl330 10110000.pdma0: Loaded driver for PL330 DMAC-341330
[    0.535618][    T1] dma-pl330 10110000.pdma0: 	DBUFF-32x4bytes Num_Chans-8 Num_Peri-32 Num_Events-32
[    0.536202][    T1] dma-pl330 10130000.pdma1: Loaded driver for PL330 DMAC-341330
[    0.536206][    T1] dma-pl330 10130000.pdma1: 	DBUFF-32x4bytes Num_Chans-8 Num_Peri-32 Num_Events-32
[    0.536258][    T1] init: Loaded kernel module /lib/modules/pl330.ko
[    0.536316][    T1] init: Loading module /lib/modules/samsung-dma.ko with args ''
[    0.536670][    T1] init: Loaded kernel module /lib/modules/samsung-dma.ko
[    0.536706][    T1] init: Loading module /lib/modules/debug-snapshot-debug-kinfo.ko with args ''
[    0.537164][    T1] init: Loaded kernel module /lib/modules/debug-snapshot-debug-kinfo.ko
[    0.537248][    T1] init: Loading module /lib/modules/trusty-core.ko with args ''
[    0.539386][    T1] trusty trusty: trusty version: Project: ripcurrentpro, Build: 14060607, Built: 08:47:58 Sep  8 2025
[    0.539415][    T1] trusty trusty: selected api version: 5 (requested 5)
[    0.541733][    T1] init: Loaded kernel module /lib/modules/trusty-core.ko
[    0.541795][    T1] init: Loading module /lib/modules/hardlockup-watchdog.ko with args ''
[    0.542114][    T1] hardlockup-watchdog hardlockup-watchdog: sampling_time = 4sec, opportunity_cnt = 3, panic = 1
[    0.542545][    T1] hardlockup-watchdog hardlockup-watchdog: Hardlockup Watchdog driver
[    0.542726][    T1] init: Loaded kernel module /lib/modules/hardlockup-watchdog.ko
[    0.542789][    T1] init: Loading module /lib/modules/trusty-ipc.ko with args ''
[    0.543776][    T1] init: Loaded kernel module /lib/modules/trusty-ipc.ko
[    0.543853][    T1] init: Loading module /lib/modules/gsa.ko with args ''
[    0.544430][    T1] gsa 16490000.gsa-ns: linked to 16470000.s2mpu_s0_gsa
[    0.544817][    T1] init: Loaded kernel module /lib/modules/gsa.ko
[    0.544852][    T1] init: Loading module /lib/modules/exynos-adv-tracer.ko with args ''
[    0.545380][    T1] exynos-adv-tracer 15260000.exynos-adv_tracer: adv_tracer_ipc_init successful.
[    0.545385][    T1] exynos-adv-tracer 15260000.exynos-adv_tracer: adv_tracer_probe successful.
[    0.545539][    T1] init: Loaded kernel module /lib/modules/exynos-adv-tracer.ko
[    0.545575][    T1] init: Loading module /lib/modules/sjtag-driver.ko with args ''
[    0.545912][    T1] sjtag sjtag_ap: [probe sts read]: SJTAG_GET_STATUS: Success - Cmd status: 0x00000010
[    0.548648][    T1] sjtag sjtag_gsa: [probe sts read]: SJTAG_GET_STATUS: Success - Cmd status: 0x00000010-0
[    0.548812][    T1] init: Loaded kernel module /lib/modules/sjtag-driver.ko
[    0.548838][    T1] init: Loading module /lib/modules/ehld.ko with args ''
[    0.549360][    T1] adv-tracer-ehld init successful.
[    0.549363][    T1] Support with dbgc
[    0.549367][    T1] Support dbgc interval:1000 ms
[    0.549370][    T1] Support dbgc warning count: 4
[    0.549373][    T1] Support using tick timer: 0
[    0.549385][    T1] ehld: cpu0, dbg_base:0x2b090000
[    0.549395][    T1] ehld: cpu1, dbg_base:0x2b110000
[    0.549405][    T1] ehld: cpu2, dbg_base:0x2b190000
[    0.549414][    T1] ehld: cpu3, dbg_base:0x2b210000
[    0.549422][    T1] ehld: cpu4, dbg_base:0x2b290000
[    0.549431][    T1] ehld: cpu5, dbg_base:0x2b310000
[    0.549438][    T1] ehld: cpu6, dbg_base:0x2b390000
[    0.549447][    T1] ehld: cpu7, dbg_base:0x2b410000
[    0.550583][    T1] adv-tracer-ehld set interval to 1000 ms
[    0.550615][    T1] EHLD enabled
[    0.550780][    T1] init: Loaded kernel module /lib/modules/ehld.ko
[    0.550836][    T1] init: Loading module /lib/modules/pixel-debug-test.ko with args ''
[    0.551246][    T1] PIXEL DEBUG TEST: pixel_debug_test_init() initialized!
[    0.551261][    T1] init: Loaded kernel module /lib/modules/pixel-debug-test.ko
[    0.551271][    T1] init: Loading module /lib/modules/exynos-debug-test.ko with args ''
[    0.551653][    T1] exynos-debug-test exynos-debug-test: exynos_debug_test_probe() called
[    0.551659][    T1] PIXEL DEBUG TEST: debug_trigger_register() DEBUG TEST: [exynos] test triggers are registered!
[    0.551669][    T1] exynos-debug-test exynos-debug-test: exynos_debug_test_probe() ret=[0x0]
[    0.551847][    T1] init: Loaded kernel module /lib/modules/exynos-debug-test.ko
[    0.551876][    T1] init: Loading module /lib/modules/bookerci.ko with args ''
[    0.553561][    T1] booker-ci booker: Success to request irq169 for BCI handler[BCI: Non-secure error]
[    0.553582][    T1] booker-ci booker: Success to request irq170 for BCI handler[BCI: Secure error]
[    0.553602][    T1] booker-ci booker: Success to request irq171 for BCI handler[BCI: Non-secure fault]
[    0.553623][    T1] booker-ci booker: Success to request irq172 for BCI handler[BCI: Secure fault]
[    0.553852][    T1] init: Loaded kernel module /lib/modules/bookerci.ko
[    0.553887][    T1] init: Loading module /lib/modules/exynos-coresight.ko with args ''
[    0.554224][    T1] debug-snapshot dss: Add halt,  functions from exynos_coresight_probe+0x7d8/0x7fc [exynos_coresight]
[    0.554244][    T1] exynos-coresight coresight@2B000000: exynos_coresight_probe Successful
[    0.554413][    T1] init: Loaded kernel module /lib/modules/exynos-coresight.ko
[    0.554443][    T1] init: Loading module /lib/modules/exynos-ecc-handler.ko with args ''
[    0.554705][    T1] exynos-ecc-handler ecc-handler: Success to request irq173 for ecc handler[Uncorrectable errors on the L3 data, tag or snoop filter RAMs]
[    0.554713][    T1] exynos-ecc-handler ecc-handler: affinity of irq173 is 0-7
[    0.554738][    T1] exynos-ecc-handler ecc-handler: Success to request irq174 for ecc handler[Core0-1 Complex, Uncorrectable errors on the L2 data or tag RAMs]
[    0.554743][    T1] exynos-ecc-handler ecc-handler: affinity of irq174 is 0-1
[    0.554764][    T1] exynos-ecc-handler ecc-handler: Success to request irq175 for ecc handler[Core2-3 Complex, Uncorrectable errors on the L2 data or tag RAMs]
[    0.554769][    T1] exynos-ecc-handler ecc-handler: affinity of irq175 is 2-3
[    0.554791][    T1] exynos-ecc-handler ecc-handler: Success to request irq176 for ecc handler[Core0, Uncorrectable errors on the L1 data or tag RAMs]
[    0.554796][    T1] exynos-ecc-handler ecc-handler: affinity of irq176 is 0
[    0.554818][    T1] exynos-ecc-handler ecc-handler: Success to request irq177 for ecc handler[Core1, Uncorrectable errors on the L1 data or tag RAMs]
[    0.554822][    T1] exynos-ecc-handler ecc-handler: affinity of irq177 is 1
[    0.554845][    T1] exynos-ecc-handler ecc-handler: Success to request irq178 for ecc handler[Core2, Uncorrectable errors on the L1 data or tag RAMs]
[    0.554849][    T1] exynos-ecc-handler ecc-handler: affinity of irq178 is 2
[    0.554871][    T1] exynos-ecc-handler ecc-handler: Success to request irq179 for ecc handler[Core3, Uncorrectable errors on the L1 data or tag RAMs]
[    0.554875][    T1] exynos-ecc-handler ecc-handler: affinity of irq179 is 3
[    0.554898][    T1] exynos-ecc-handler ecc-handler: Success to request irq180 for ecc handler[Core4, Uncorrectable errors on the L1 data, tag or L2 data, tag RAMs]
[    0.554902][    T1] exynos-ecc-handler ecc-handler: affinity of irq180 is 4
[    0.554924][    T1] exynos-ecc-handler ecc-handler: Success to request irq181 for ecc handler[Core5, Uncorrectable errors on the L1 data, tag or L2 data, tag RAMs]
[    0.554928][    T1] exynos-ecc-handler ecc-handler: affinity of irq181 is 5
[    0.554948][    T1] exynos-ecc-handler ecc-handler: Success to request irq182 for ecc handler[Core6, Uncorrectable errors on the L1 data, tag or L2 data, tag RAMs]
[    0.554953][    T1] exynos-ecc-handler ecc-handler: affinity of irq182 is 6
[    0.554973][    T1] exynos-ecc-handler ecc-handler: Success to request irq183 for ecc handler[Core7, Uncorrectable errors on the L1 data, tag or L2 data, tag RAMs]
[    0.554978][    T1] exynos-ecc-handler ecc-handler: affinity of irq183 is 7
[    0.555475][    T1] init: Loaded kernel module /lib/modules/exynos-ecc-handler.ko
[    0.555556][    T1] init: Loading module /lib/modules/exynos-coresight-etm.ko with args ''
[    0.557026][    T1] exynos-etm exynos-etm: exynos_etm_probe successful
[    0.557203][    T1] init: Loaded kernel module /lib/modules/exynos-coresight-etm.ko
[    0.557285][    T1] init: Loading module /lib/modules/keydebug.ko with args ''
[    0.557604][    T1] keydebug_parse_dt: DT:key_down_delay=6000 dbg_fn_delay=2000 keys_down num_keys=2
[    0.557608][    T1] keydebug_parse_dt: DT:keys_down=116
[    0.557611][    T1] keydebug_parse_dt: DT:keys_down=115
[    0.557944][    T1] init: Loaded kernel module /lib/modules/keydebug.ko
[    0.557966][    T1] init: Loading module /lib/modules/exynos-adv-tracer-s2d.ko with args ''
[    0.558366][    T1] exynos-adv-tracer-s2d exynos_adv_tracer_s2d: S2D disabled
[    0.558380][    T1] debug-snapshot dss: Add arraydump, scandump mode functions from adv_tracer_s2d_probe+0x2dc/0x328 [exynos_adv_tracer_s2d]
[    0.558397][    T1] exynos-adv-tracer-s2d exynos_adv_tracer_s2d: adv_tracer_s2d_probe successful.
[    0.558560][    T1] init: Loaded kernel module /lib/modules/exynos-adv-tracer-s2d.ko
[    0.558616][    T1] init: Loading module /lib/modules/pixel-boot-metrics.ko with args ''
[    0.558976][    T1] init: Loaded kernel module /lib/modules/pixel-boot-metrics.ko
[    0.559029][    T1] init: Loading module /lib/modules/vh_fs.ko with args ''
[    0.559211][    T1] init: Loaded kernel module /lib/modules/vh_fs.ko
[    0.559262][    T1] init: Loading module /lib/modules/vh_mm.ko with args ''
[    0.559745][    T1] init: Loaded kernel module /lib/modules/vh_mm.ko
[    0.559799][    T1] init: Loading module /lib/modules/vh_cgroup.ko with args ''
[    0.559940][    T1] init: Loaded kernel module /lib/modules/vh_cgroup.ko
[    0.560024][    T1] init: Loading module /lib/modules/exynos-cpuhp.ko with args ''
[    0.560304][    T1] exynos_cpuhp: Register new user [name:SYSFS, mask:0-7]
[    0.560314][    T1] exynos_cpuhp: Exynos CPUHP driver probe done!
[    0.560453][    T1] init: Loaded kernel module /lib/modules/exynos-cpuhp.ko
[    0.560506][    T1] init: Loading module /lib/modules/vh_thermal.ko with args ''
[    0.560665][    T1] init: Loaded kernel module /lib/modules/vh_thermal.ko
[    0.560732][    T1] init: Loading module /lib/modules/gs_thermal.ko with args ''
[    0.562666][    T1] gs-tmu 100a0000.BIG: Failed to get TMU type
[    0.562671][    T1] gs-tmu 100a0000.BIG: tmu type: 0 
[    0.562975][    T1] GOV: Asynchronous notification enabled
[    0.563452][    T1] thermal thermal_zone0: failed to read out thermal zone (-22)
[    0.563492][    T1] [acpm_tmu] tz 0 threshold: 0:20 1:65 2:90 3:93 4:70 5:97 6:100 7:112
[    0.563525][    T1] [acpm_tmu] tz 0 hysteresis: 0:5 1:5 2:0 3:93 4:5 5:2 6:5 7:3
[    0.564582][    T1] Disable tz_id: 0 thermal genl event
[    0.564814][    T1] gs-tmu 100a0000.MID: Failed to get TMU type
[    0.564818][    T1] gs-tmu 100a0000.MID: tmu type: 0 
[    0.565129][    T1] thermal thermal_zone1: failed to read out thermal zone (-22)
[    0.565163][    T1] [acpm_tmu] tz 1 threshold: 0:20 1:75 2:95 3:97 4:99 5:101 6:105 7:112
[    0.565195][    T1] [acpm_tmu] tz 1 hysteresis: 0:5 1:5 2:0 3:93 4:0 5:2 6:5 7:3
[    0.565962][    T1] Disable tz_id: 1 thermal genl event
[    0.566242][    T1] gs-tmu 100a0000.LITTLE: Failed to get TMU type
[    0.566246][    T1] gs-tmu 100a0000.LITTLE: tmu type: 0 
[    0.566592][    T1] thermal thermal_zone2: failed to read out thermal zone (-22)
[    0.566624][    T1] [acpm_tmu] tz 2 threshold: 0:20 1:75 2:95 3:97 4:98 5:99 6:105 7:112
[    0.566655][    T1] [acpm_tmu] tz 2 hysteresis: 0:5 1:5 2:0 3:97 4:0 5:0 6:5 7:3
[    0.567332][    T1] Disable tz_id: 2 thermal genl event
[    0.567678][    T1] gs-tmu 100b0000.G3D: Failed to get TMU type
[    0.567681][    T1] gs-tmu 100b0000.G3D: tmu type: 0 
[    0.567691][    T1] gs-tmu 100b0000.G3D: No input mpmm_enable
[    0.567694][    T1] gs-tmu 100b0000.G3D: No input mpmm_throttle_level
[    0.567697][    T1] gs-tmu 100b0000.G3D: No input mpmm_clr_throttle_level
[    0.568129][    T1] thermal thermal_zone3: failed to read out thermal zone (-22)
[    0.568161][    T1] [acpm_tmu] tz 3 threshold: 0:20 1:70 2:90 3:95 4:98 5:102 6:100 7:115
[    0.568204][    T1] [acpm_tmu] tz 3 hysteresis: 0:5 1:5 2:0 3:0 4:98 5:2 6:5 7:3
[    0.568974][    T1] Disable tz_id: 3 thermal genl event
[    0.569379][    T1] gs-tmu 100b0000.ISP: Failed to get TMU type
[    0.569383][    T1] gs-tmu 100b0000.ISP: tmu type: 0 
[    0.569389][    T1] gs-tmu 100b0000.ISP: polling_delay_on is out of range, using min value 10
[    0.569394][    T1] gs-tmu 100b0000.ISP: No input control_temp_step
[    0.569401][    T1] gs-tmu 100b0000.ISP: No input mpmm_enable
[    0.569405][    T1] gs-tmu 100b0000.ISP: No input mpmm_throttle_level
[    0.569409][    T1] gs-tmu 100b0000.ISP: No input mpmm_clr_throttle_level
[    0.569875][    T1] thermal thermal_zone4: failed to read out thermal zone (-22)
[    0.569919][    T1] [acpm_tmu] tz 4 threshold: 0:20 1:70 2:90 3:95 4:98 5:102 6:100 7:115
[    0.569950][    T1] [acpm_tmu] tz 4 hysteresis: 0:5 1:5 2:0 3:0 4:98 5:102 6:100 7:3
[    0.570253][    T1] [ISP TMU] index : 0, fps : 60
[    0.570257][    T1] [ISP TMU] index : 1, fps : 15
[    0.570260][    T1] [ISP TMU] index : 2, fps : 5
[    0.570405][    T1] Fail to find device node
[    0.570408][    T1] Disable tz_id: 4 thermal genl event
[    0.570892][    T1] gs-tmu 100b0000.TPU: Failed to get TMU type
[    0.570895][    T1] gs-tmu 100b0000.TPU: tmu type: 0 
[    0.570905][    T1] gs-tmu 100b0000.TPU: No input mpmm_enable
[    0.570908][    T1] gs-tmu 100b0000.TPU: No input mpmm_throttle_level
[    0.570911][    T1] gs-tmu 100b0000.TPU: No input mpmm_clr_throttle_level
[    0.571551][    T1] thermal thermal_zone5: failed to read out thermal zone (-22)
[    0.571584][    T1] [acpm_tmu] tz 5 threshold: 0:20 1:70 2:90 3:95 4:98 5:102 6:100 7:115
[    0.571626][    T1] [acpm_tmu] tz 5 hysteresis: 0:5 1:5 2:0 3:0 4:98 5:2 6:5 7:3
[    0.572415][    T1] Disable tz_id: 5 thermal genl event
[    0.572988][    T1] gs-tmu 100b0000.AUR: Failed to get TMU type
[    0.572992][    T1] gs-tmu 100b0000.AUR: tmu type: 0 
[    0.572999][    T1] gs-tmu 100b0000.AUR: No input control_temp_step
[    0.573008][    T1] gs-tmu 100b0000.AUR: No input mpmm_enable
[    0.573012][    T1] gs-tmu 100b0000.AUR: No input mpmm_throttle_level
[    0.573015][    T1] gs-tmu 100b0000.AUR: No input mpmm_clr_throttle_level
[    0.573715][    T1] thermal thermal_zone6: failed to read out thermal zone (-22)
[    0.573770][    T1] [acpm_tmu] tz 6 threshold: 0:20 1:70 2:90 3:95 4:98 5:102 6:100 7:115
[    0.573802][    T1] [acpm_tmu] tz 6 hysteresis: 0:5 1:5 2:0 3:0 4:98 5:2 6:5 7:3
[    0.574349][    T1] Disable tz_id: 6 thermal genl event
[    0.575098][    T1] init: Loaded kernel module /lib/modules/gs_thermal.ko
[    0.575198][    T1] init: Loading module /lib/modules/exynos-dm.ko with args ''
[    0.575813][    T1] exynos-dm 17000000.exynos-dm: This doesn't need to send policy to ACPM
[    0.575819][    T1] exynos-dm 17000000.exynos-dm: This doesn't need to send policy to ACPM
[    0.575822][    T1] exynos-dm 17000000.exynos-dm: This doesn't need to send policy to ACPM
[    0.575826][    T1] exynos-dm 17000000.exynos-dm: This doesn't need to send policy to ACPM
[    0.575830][    T1] exynos-dm 17000000.exynos-dm: This doesn't need to send policy to ACPM
[    0.575833][    T1] exynos-dm 17000000.exynos-dm: This doesn't need to send policy to ACPM
[    0.575836][    T1] exynos-dm 17000000.exynos-dm: This doesn't need to send policy to ACPM
[    0.575839][    T1] exynos-dm 17000000.exynos-dm: This doesn't need to send policy to ACPM
[    0.575842][    T1] exynos-dm 17000000.exynos-dm: This doesn't need to send policy to ACPM
[    0.575845][    T1] exynos-dm 17000000.exynos-dm: This doesn't need to send policy to ACPM
[    0.575848][    T1] exynos-dm 17000000.exynos-dm: This doesn't need to send policy to ACPM
[    0.575852][    T1] exynos-dm 17000000.exynos-dm: This doesn't need to send policy to ACPM
[    0.575855][    T1] exynos-dm 17000000.exynos-dm: dm_type: 0(dm_cpu_cl0), available = true
[    0.575859][    T1] exynos-dm 17000000.exynos-dm: dm_type: 1(dm_cpu_cl1), available = true
[    0.575862][    T1] exynos-dm 17000000.exynos-dm: dm_type: 2(dm_cpu_cl2), available = true
[    0.575865][    T1] exynos-dm 17000000.exynos-dm: dm_type: 3(dm_mif), available = true
[    0.575868][    T1] exynos-dm 17000000.exynos-dm: dm_type: 4(dm_int), available = true
[    0.575871][    T1] exynos-dm 17000000.exynos-dm: dm_type: 5(dm_intcam), available = true
[    0.575874][    T1] exynos-dm 17000000.exynos-dm: dm_type: 6(dm_cam), available = true
[    0.575877][    T1] exynos-dm 17000000.exynos-dm: dm_type: 7(dm_tpu), available = true
[    0.575881][    T1] exynos-dm 17000000.exynos-dm: dm_type: 8(dm_tnr), available = true
[    0.575884][    T1] exynos-dm 17000000.exynos-dm: dm_type: 9(dm_disp), available = true
[    0.575887][    T1] exynos-dm 17000000.exynos-dm: dm_type: 10(dm_mfc), available = true
[    0.575891][    T1] exynos-dm 17000000.exynos-dm: dm_type: 11(dm_bw), available = true
[    0.575894][    T1] exynos-dm 17000000.exynos-dm: dm_type: 12(dm_dsu), available = true
[    0.575897][    T1] exynos-dm 17000000.exynos-dm: dm_type: 13(dm_bci), available = true
[    0.576006][    T1] init: Loaded kernel module /lib/modules/exynos-dm.ko
[    0.576031][    T1] init: Loading module /lib/modules/exynos-acme.ko with args ''
[    0.577653][    T1] cpu cpu0: EM: Access to CPUFreq policy failed
[    0.577736][    T1] cpu cpu0: EM: created perf domain
[    0.577740][    T1] exynos_acme: Complete to initialize cpufreq-domain0
[    0.577742][    T1] exynos_acme: CPUFREQ of domain0 cal-id : 0xb040002
[    0.577747][    T1] exynos_acme: CPUFREQ of domain0 sibling cpus : 0-3
[    0.577750][    T1] exynos_acme: CPUFREQ of domain0 boot freq = 1197000 kHz, resume freq = 1425000 kHz
[    0.577753][    T1] exynos_acme: CPUFREQ of domain0 max freq : 1950000 kHz, min freq : 820000 kHz
[    0.577757][    T1] exynos_acme: CPUFREQ of domain0 table size = 10
[    0.577759][    T1] exynos_acme: CPUFREQ of domain0 : L0    820000 kHz
[    0.577763][    T1] exynos_acme: CPUFREQ of domain0 : L1    955000 kHz
[    0.577766][    T1] exynos_acme: CPUFREQ of domain0 : L2   1098000 kHz
[    0.577769][    T1] exynos_acme: CPUFREQ of domain0 : L3   1197000 kHz
[    0.577772][    T1] exynos_acme: CPUFREQ of domain0 : L4   1328000 kHz
[    0.577775][    T1] exynos_acme: CPUFREQ of domain0 : L5   1425000 kHz
[    0.577777][    T1] exynos_acme: CPUFREQ of domain0 : L6   1548000 kHz
[    0.577780][    T1] exynos_acme: CPUFREQ of domain0 : L7   1696000 kHz
[    0.577783][    T1] exynos_acme: CPUFREQ of domain0 : L8   1849000 kHz
[    0.577786][    T1] exynos_acme: CPUFREQ of domain0 : L9   1950000 kHz
[    0.579097][    T1] cpu cpu4: EM: Access to CPUFreq policy failed
[    0.579227][    T1] cpu cpu4: EM: created perf domain
[    0.579230][    T1] exynos_acme: Complete to initialize cpufreq-domain1
[    0.579232][    T1] exynos_acme: CPUFREQ of domain1 cal-id : 0xb040003
[    0.579235][    T1] exynos_acme: CPUFREQ of domain1 sibling cpus : 4-6
[    0.579238][    T1] exynos_acme: CPUFREQ of domain1 boot freq = 1065000 kHz, resume freq = 1795000 kHz
[    0.579241][    T1] exynos_acme: CPUFREQ of domain1 max freq : 2600000 kHz, min freq : 357000 kHz
[    0.579243][    T1] exynos_acme: CPUFREQ of domain1 table size = 17
[    0.579246][    T1] exynos_acme: CPUFREQ of domain1 : L0    357000 kHz
[    0.579248][    T1] exynos_acme: CPUFREQ of domain1 : L1    578000 kHz
[    0.579251][    T1] exynos_acme: CPUFREQ of domain1 : L2    648000 kHz
[    0.579253][    T1] exynos_acme: CPUFREQ of domain1 : L3    787000 kHz
[    0.579256][    T1] exynos_acme: CPUFREQ of domain1 : L4    910000 kHz
[    0.579258][    T1] exynos_acme: CPUFREQ of domain1 : L5   1065000 kHz
[    0.579261][    T1] exynos_acme: CPUFREQ of domain1 : L6   1221000 kHz
[    0.579263][    T1] exynos_acme: CPUFREQ of domain1 : L7   1328000 kHz
[    0.579265][    T1] exynos_acme: CPUFREQ of domain1 : L8   1418000 kHz
[    0.579268][    T1] exynos_acme: CPUFREQ of domain1 : L9   1549000 kHz
[    0.579270][    T1] exynos_acme: CPUFREQ of domain1 : L10  1795000 kHz
[    0.579273][    T1] exynos_acme: CPUFREQ of domain1 : L11  1945000 kHz
[    0.579275][    T1] exynos_acme: CPUFREQ of domain1 : L12  2130000 kHz
[    0.579278][    T1] exynos_acme: CPUFREQ of domain1 : L13  2245000 kHz
[    0.579281][    T1] exynos_acme: CPUFREQ of domain1 : L14  2367000 kHz
[    0.579283][    T1] exynos_acme: CPUFREQ of domain1 : L15  2450000 kHz
[    0.579285][    T1] exynos_acme: CPUFREQ of domain1 : L16  2600000 kHz
[    0.579747][    T1] cpu cpu7: EM: Access to CPUFreq policy failed
